Flow report for MIC1
Tue Jun 24 22:48:34 2025
Quartus II 64-Bit Version 13.0.1 Build 232 06/12/2013 Service Pack 1 SJ Web Edition


---------------------
; Table of Contents ;
---------------------
  1. Legal Notice
  2. Flow Summary
  3. Flow Settings
  4. Flow Non-Default Global Settings
  5. Flow Elapsed Time
  6. Flow OS Summary
  7. Flow Log
  8. Flow Messages
  9. Flow Suppressed Messages



----------------
; Legal Notice ;
----------------
Copyright (C) 1991-2013 Altera Corporation
Your use of Altera Corporation's design tools, logic functions 
and other software and tools, and its AMPP partner logic 
functions, and any output files from any of the foregoing 
(including device programming or simulation files), and any 
associated documentation or information are expressly subject 
to the terms and conditions of the Altera Program License 
Subscription Agreement, Altera MegaCore Function License 
Agreement, or other applicable license agreement, including, 
without limitation, that your use is for the sole purpose of 
programming logic devices manufactured by Altera and sold by 
Altera or its authorized distributors.  Please refer to the 
applicable agreement for further details.



+--------------------------------------------------------------------------------------+
; Flow Summary                                                                         ;
+------------------------------------+-------------------------------------------------+
; Flow Status                        ; Successful - Tue Jun 24 22:48:34 2025           ;
; Quartus II 64-Bit Version          ; 13.0.1 Build 232 06/12/2013 SP 1 SJ Web Edition ;
; Revision Name                      ; MIC1                                            ;
; Top-level Entity Name              ; ULA_1bit                                        ;
; Family                             ; Cyclone II                                      ;
; Total logic elements               ; 5 / 4,608 ( < 1 % )                             ;
;     Total combinational functions  ; 5 / 4,608 ( < 1 % )                             ;
;     Dedicated logic registers      ; 0 / 4,608 ( 0 % )                               ;
; Total registers                    ; 0                                               ;
; Total pins                         ; 10 / 89 ( 11 % )                                ;
; Total virtual pins                 ; 0                                               ;
; Total memory bits                  ; 0 / 119,808 ( 0 % )                             ;
; Embedded Multiplier 9-bit elements ; 0 / 26 ( 0 % )                                  ;
; Total PLLs                         ; 0 / 2 ( 0 % )                                   ;
; Device                             ; EP2C5T144C6                                     ;
; Timing Models                      ; Final                                           ;
+------------------------------------+-------------------------------------------------+


+-----------------------------------------+
; Flow Settings                           ;
+-------------------+---------------------+
; Option            ; Setting             ;
+-------------------+---------------------+
; Start date & time ; 06/24/2025 22:45:02 ;
; Main task         ; Compilation         ;
; Revision Name     ; MIC1                ;
+-------------------+---------------------+


+----------------------------------------------------------------------------------------------------------------------------+
; Flow Non-Default Global Settings                                                                                           ;
+-------------------------------------+---------------------------------+---------------+-------------+----------------------+
; Assignment Name                     ; Value                           ; Default Value ; Entity Name ; Section Id           ;
+-------------------------------------+---------------------------------+---------------+-------------+----------------------+
; COMPILER_SIGNATURE_ID               ; 187037303833199.175081590103212 ; --            ; --          ; --                   ;
; EDA_GENERATE_FUNCTIONAL_NETLIST     ; On                              ; --            ; --          ; eda_simulation       ;
; EDA_INPUT_DATA_FORMAT               ; Edif                            ; --            ; --          ; eda_design_synthesis ;
; EDA_INPUT_VCC_NAME                  ; Vcc                             ; --            ; --          ; eda_design_synthesis ;
; EDA_OUTPUT_DATA_FORMAT              ; Verilog Hdl                     ; --            ; --          ; eda_simulation       ;
; EDA_SIMULATION_TOOL                 ; ModelSim-Altera (Verilog)       ; <None>        ; --          ; --                   ;
; EDA_TIME_SCALE                      ; 1 ps                            ; --            ; --          ; eda_simulation       ;
; PARTITION_COLOR                     ; 16764057                        ; --            ; ULA_1bit    ; Top                  ;
; PARTITION_FITTER_PRESERVATION_LEVEL ; PLACEMENT_AND_ROUTING           ; --            ; ULA_1bit    ; Top                  ;
; PARTITION_NETLIST_TYPE              ; SOURCE                          ; --            ; ULA_1bit    ; Top                  ;
; PROJECT_OUTPUT_DIRECTORY            ; output_files                    ; --            ; --          ; --                   ;
; TOP_LEVEL_ENTITY                    ; ULA_1bit                        ; MIC1          ; --          ; --                   ;
+-------------------------------------+---------------------------------+---------------+-------------+----------------------+


+-------------------------------------------------------------------------------------------------------------------------------+
; Flow Elapsed Time                                                                                                             ;
+---------------------------+--------------+-------------------------+---------------------+------------------------------------+
; Module Name               ; Elapsed Time ; Average Processors Used ; Peak Virtual Memory ; Total CPU Time (on all processors) ;
+---------------------------+--------------+-------------------------+---------------------+------------------------------------+
; Analysis & Synthesis      ; 00:00:01     ; 1.0                     ; 4577 MB             ; 00:00:01                           ;
; Fitter                    ; 00:00:03     ; 1.0                     ; 4789 MB             ; 00:00:02                           ;
; Assembler                 ; 00:00:01     ; 1.0                     ; 4547 MB             ; 00:00:01                           ;
; TimeQuest Timing Analyzer ; 00:00:01     ; 1.0                     ; 4531 MB             ; 00:00:01                           ;
; EDA Netlist Writer        ; 00:00:01     ; 1.0                     ; 4507 MB             ; 00:00:01                           ;
; EDA Netlist Writer        ; 00:00:01     ; 1.0                     ; 4515 MB             ; 00:00:01                           ;
; EDA Netlist Writer        ; 00:00:01     ; 1.0                     ; 4516 MB             ; 00:00:01                           ;
; EDA Netlist Writer        ; 00:00:01     ; 1.0                     ; 4515 MB             ; 00:00:01                           ;
; EDA Netlist Writer        ; 00:00:01     ; 1.0                     ; 4515 MB             ; 00:00:01                           ;
; Total                     ; 00:00:11     ; --                      ; --                  ; 00:00:10                           ;
+---------------------------+--------------+-------------------------+---------------------+------------------------------------+


+----------------------------------------------------------------------------------------+
; Flow OS Summary                                                                        ;
+---------------------------+------------------+-----------+------------+----------------+
; Module Name               ; Machine Hostname ; OS Name   ; OS Version ; Processor type ;
+---------------------------+------------------+-----------+------------+----------------+
; Analysis & Synthesis      ; COMPUTADOR-JEAN  ; Windows 7 ; 6.2        ; x86_64         ;
; Fitter                    ; COMPUTADOR-JEAN  ; Windows 7 ; 6.2        ; x86_64         ;
; Assembler                 ; COMPUTADOR-JEAN  ; Windows 7 ; 6.2        ; x86_64         ;
; TimeQuest Timing Analyzer ; COMPUTADOR-JEAN  ; Windows 7 ; 6.2        ; x86_64         ;
; EDA Netlist Writer        ; COMPUTADOR-JEAN  ; Windows 7 ; 6.2        ; x86_64         ;
; EDA Netlist Writer        ; COMPUTADOR-JEAN  ; Windows 7 ; 6.2        ; x86_64         ;
; EDA Netlist Writer        ; COMPUTADOR-JEAN  ; Windows 7 ; 6.2        ; x86_64         ;
; EDA Netlist Writer        ; COMPUTADOR-JEAN  ; Windows 7 ; 6.2        ; x86_64         ;
; EDA Netlist Writer        ; COMPUTADOR-JEAN  ; Windows 7 ; 6.2        ; x86_64         ;
+---------------------------+------------------+-----------+------------+----------------+


------------
; Flow Log ;
------------
quartus_map --read_settings_files=on --write_settings_files=off MIC1 -c MIC1
quartus_fit --read_settings_files=off --write_settings_files=off MIC1 -c MIC1
quartus_asm --read_settings_files=off --write_settings_files=off MIC1 -c MIC1
quartus_sta MIC1 -c MIC1
quartus_eda --read_settings_files=off --write_settings_files=off MIC1 -c MIC1
quartus_eda --gen_testbench --check_outputs=on --tool=modelsim_oem --format=verilog MIC1 -c MIC1 --vector_source="C:/Users/user/Documents/CEFET/3 Periodo/AOC/ULA_1bit.vwf" --testbench_file=./simulation/qsim/MIC1.vt
quartus_eda --functional=off --timescale=1ps --simulation=on --tool=modelsim_oem --format=verilog MIC1 -c MIC1
quartus_eda --gen_testbench --check_outputs=on --tool=modelsim_oem --format=verilog MIC1 -c MIC1 --vector_source="C:/Users/user/Documents/CEFET/3 Periodo/AOC/ULA_1bit.vwf" --testbench_file=./simulation/qsim/MIC1.vt
quartus_eda --functional=off --timescale=1ps --simulation=on --tool=modelsim_oem --format=verilog MIC1 -c MIC1



