TimeQuest Timing Analyzer report for MIC1
Tue Jun 24 23:09:52 2025
Quartus II 64-Bit Version 13.0.1 Build 232 06/12/2013 Service Pack 1 SJ Web Edition


---------------------
; Table of Contents ;
---------------------
  1. Legal Notice
  2. TimeQuest Timing Analyzer Summary
  3. Parallel Compilation
  4. Clocks
  5. Slow Model Fmax Summary
  6. Slow Model Setup Summary
  7. Slow Model Hold Summary
  8. Slow Model Recovery Summary
  9. Slow Model Removal Summary
 10. Slow Model Minimum Pulse Width Summary
 11. Propagation Delay
 12. Minimum Propagation Delay
 13. Fast Model Setup Summary
 14. Fast Model Hold Summary
 15. Fast Model Recovery Summary
 16. Fast Model Removal Summary
 17. Fast Model Minimum Pulse Width Summary
 18. Propagation Delay
 19. Minimum Propagation Delay
 20. Multicorner Timing Analysis Summary
 21. Progagation Delay
 22. Minimum Progagation Delay
 23. Clock Transfers
 24. Report TCCS
 25. Report RSKM
 26. Unconstrained Paths
 27. TimeQuest Timing Analyzer Messages



----------------
; Legal Notice ;
----------------
Copyright (C) 1991-2013 Altera Corporation
Your use of Altera Corporation's design tools, logic functions 
and other software and tools, and its AMPP partner logic 
functions, and any output files from any of the foregoing 
(including device programming or simulation files), and any 
associated documentation or information are expressly subject 
to the terms and conditions of the Altera Program License 
Subscription Agreement, Altera MegaCore Function License 
Agreement, or other applicable license agreement, including, 
without limitation, that your use is for the sole purpose of 
programming logic devices manufactured by Altera and sold by 
Altera or its authorized distributors.  Please refer to the 
applicable agreement for further details.



+----------------------------------------------------------------------------------------+
; TimeQuest Timing Analyzer Summary                                                      ;
+--------------------+-------------------------------------------------------------------+
; Quartus II Version ; Version 13.0.1 Build 232 06/12/2013 Service Pack 1 SJ Web Edition ;
; Revision Name      ; MIC1                                                              ;
; Device Family      ; Cyclone II                                                        ;
; Device Name        ; EP2C5F256C6                                                       ;
; Timing Models      ; Final                                                             ;
; Delay Model        ; Combined                                                          ;
; Rise/Fall Delays   ; Unavailable                                                       ;
+--------------------+-------------------------------------------------------------------+


Parallel compilation was disabled, but you have multiple processors available. Enable parallel compilation to reduce compilation time.
+-------------------------------------+
; Parallel Compilation                ;
+----------------------------+--------+
; Processors                 ; Number ;
+----------------------------+--------+
; Number detected on machine ; 4      ;
; Maximum allowed            ; 1      ;
+----------------------------+--------+


----------
; Clocks ;
----------
No clocks to report.


---------------------------
; Slow Model Fmax Summary ;
---------------------------
No paths to report.


----------------------------
; Slow Model Setup Summary ;
----------------------------
No paths to report.


---------------------------
; Slow Model Hold Summary ;
---------------------------
No paths to report.


-------------------------------
; Slow Model Recovery Summary ;
-------------------------------
No paths to report.


------------------------------
; Slow Model Removal Summary ;
------------------------------
No paths to report.


------------------------------------------
; Slow Model Minimum Pulse Width Summary ;
------------------------------------------
No paths to report.


+--------------------------------------------------------------+
; Propagation Delay                                            ;
+------------+-------------+--------+--------+--------+--------+
; Input Port ; Output Port ; RR     ; RF     ; FR     ; FF     ;
+------------+-------------+--------+--------+--------+--------+
; INPUT[0]   ; OUTPUT[0]   ; 9.549  ;        ;        ; 9.549  ;
; INPUT[0]   ; OUTPUT[8]   ; 9.685  ;        ;        ; 9.685  ;
; INPUT[1]   ; OUTPUT[0]   ; 10.043 ;        ;        ; 10.043 ;
; INPUT[1]   ; OUTPUT[1]   ; 9.870  ;        ;        ; 9.870  ;
; INPUT[1]   ; OUTPUT[9]   ; 10.430 ;        ;        ; 10.430 ;
; INPUT[2]   ; OUTPUT[1]   ; 9.924  ;        ;        ; 9.924  ;
; INPUT[2]   ; OUTPUT[2]   ; 9.455  ;        ;        ; 9.455  ;
; INPUT[2]   ; OUTPUT[10]  ; 10.022 ;        ;        ; 10.022 ;
; INPUT[3]   ; OUTPUT[2]   ; 9.993  ;        ;        ; 9.993  ;
; INPUT[3]   ; OUTPUT[3]   ; 10.130 ;        ;        ; 10.130 ;
; INPUT[3]   ; OUTPUT[11]  ; 10.987 ;        ;        ; 10.987 ;
; INPUT[4]   ; OUTPUT[3]   ; 10.062 ;        ;        ; 10.062 ;
; INPUT[4]   ; OUTPUT[4]   ; 10.299 ;        ;        ; 10.299 ;
; INPUT[4]   ; OUTPUT[12]  ; 10.729 ;        ;        ; 10.729 ;
; INPUT[5]   ; OUTPUT[4]   ; 9.684  ;        ;        ; 9.684  ;
; INPUT[5]   ; OUTPUT[5]   ; 9.672  ;        ;        ; 9.672  ;
; INPUT[5]   ; OUTPUT[13]  ; 10.061 ;        ;        ; 10.061 ;
; INPUT[6]   ; OUTPUT[5]   ; 9.966  ;        ;        ; 9.966  ;
; INPUT[6]   ; OUTPUT[6]   ; 10.670 ;        ;        ; 10.670 ;
; INPUT[6]   ; OUTPUT[14]  ; 10.591 ;        ;        ; 10.591 ;
; INPUT[7]   ; OUTPUT[6]   ; 10.198 ;        ;        ; 10.198 ;
; INPUT[7]   ; OUTPUT[7]   ; 9.593  ;        ;        ; 9.593  ;
; INPUT[7]   ; OUTPUT[15]  ; 10.196 ;        ;        ; 10.196 ;
; INPUT[8]   ; OUTPUT[7]   ; 9.995  ;        ;        ; 9.995  ;
; INPUT[8]   ; OUTPUT[8]   ; 8.835  ;        ;        ; 8.835  ;
; INPUT[8]   ; OUTPUT[16]  ; 11.009 ;        ;        ; 11.009 ;
; INPUT[9]   ; OUTPUT[8]   ; 9.218  ;        ;        ; 9.218  ;
; INPUT[9]   ; OUTPUT[9]   ; 8.805  ;        ;        ; 8.805  ;
; INPUT[9]   ; OUTPUT[17]  ; 10.603 ;        ;        ; 10.603 ;
; INPUT[10]  ; OUTPUT[9]   ; 10.408 ;        ;        ; 10.408 ;
; INPUT[10]  ; OUTPUT[10]  ; 9.727  ;        ;        ; 9.727  ;
; INPUT[10]  ; OUTPUT[18]  ; 10.406 ;        ;        ; 10.406 ;
; INPUT[11]  ; OUTPUT[10]  ; 10.470 ;        ;        ; 10.470 ;
; INPUT[11]  ; OUTPUT[11]  ; 10.492 ;        ;        ; 10.492 ;
; INPUT[11]  ; OUTPUT[19]  ; 9.869  ;        ;        ; 9.869  ;
; INPUT[12]  ; OUTPUT[11]  ; 10.494 ;        ;        ; 10.494 ;
; INPUT[12]  ; OUTPUT[12]  ; 9.324  ;        ;        ; 9.324  ;
; INPUT[12]  ; OUTPUT[20]  ; 11.122 ;        ;        ; 11.122 ;
; INPUT[13]  ; OUTPUT[12]  ; 10.393 ;        ;        ; 10.393 ;
; INPUT[13]  ; OUTPUT[13]  ; 9.706  ;        ;        ; 9.706  ;
; INPUT[13]  ; OUTPUT[21]  ; 10.641 ;        ;        ; 10.641 ;
; INPUT[14]  ; OUTPUT[13]  ; 10.719 ;        ;        ; 10.719 ;
; INPUT[14]  ; OUTPUT[14]  ; 10.060 ;        ;        ; 10.060 ;
; INPUT[14]  ; OUTPUT[22]  ; 10.798 ;        ;        ; 10.798 ;
; INPUT[15]  ; OUTPUT[14]  ; 10.017 ;        ;        ; 10.017 ;
; INPUT[15]  ; OUTPUT[15]  ; 9.873  ;        ;        ; 9.873  ;
; INPUT[15]  ; OUTPUT[23]  ; 10.769 ;        ;        ; 10.769 ;
; INPUT[16]  ; OUTPUT[15]  ; 10.293 ;        ;        ; 10.293 ;
; INPUT[16]  ; OUTPUT[16]  ; 10.107 ;        ;        ; 10.107 ;
; INPUT[16]  ; OUTPUT[24]  ; 10.849 ;        ;        ; 10.849 ;
; INPUT[17]  ; OUTPUT[16]  ; 10.834 ;        ;        ; 10.834 ;
; INPUT[17]  ; OUTPUT[17]  ; 9.974  ;        ;        ; 9.974  ;
; INPUT[17]  ; OUTPUT[25]  ; 9.985  ;        ;        ; 9.985  ;
; INPUT[18]  ; OUTPUT[17]  ; 11.574 ;        ;        ; 11.574 ;
; INPUT[18]  ; OUTPUT[18]  ; 10.087 ;        ;        ; 10.087 ;
; INPUT[18]  ; OUTPUT[26]  ; 11.225 ;        ;        ; 11.225 ;
; INPUT[19]  ; OUTPUT[18]  ; 10.151 ;        ;        ; 10.151 ;
; INPUT[19]  ; OUTPUT[19]  ; 9.193  ;        ;        ; 9.193  ;
; INPUT[19]  ; OUTPUT[27]  ; 9.272  ;        ;        ; 9.272  ;
; INPUT[20]  ; OUTPUT[19]  ; 9.399  ;        ;        ; 9.399  ;
; INPUT[20]  ; OUTPUT[20]  ; 10.425 ;        ;        ; 10.425 ;
; INPUT[20]  ; OUTPUT[28]  ; 11.051 ;        ;        ; 11.051 ;
; INPUT[21]  ; OUTPUT[20]  ; 10.845 ;        ;        ; 10.845 ;
; INPUT[21]  ; OUTPUT[21]  ; 10.309 ;        ;        ; 10.309 ;
; INPUT[21]  ; OUTPUT[29]  ; 10.675 ;        ;        ; 10.675 ;
; INPUT[22]  ; OUTPUT[21]  ; 10.878 ;        ;        ; 10.878 ;
; INPUT[22]  ; OUTPUT[22]  ; 10.081 ;        ;        ; 10.081 ;
; INPUT[22]  ; OUTPUT[30]  ; 10.960 ;        ;        ; 10.960 ;
; INPUT[23]  ; OUTPUT[22]  ; 10.262 ;        ;        ; 10.262 ;
; INPUT[23]  ; OUTPUT[23]  ; 9.744  ;        ;        ; 9.744  ;
; INPUT[23]  ; OUTPUT[31]  ; 9.577  ;        ;        ; 9.577  ;
; INPUT[24]  ; OUTPUT[23]  ; 11.424 ;        ;        ; 11.424 ;
; INPUT[24]  ; OUTPUT[24]  ; 10.208 ;        ;        ; 10.208 ;
; INPUT[25]  ; OUTPUT[24]  ; 10.919 ;        ;        ; 10.919 ;
; INPUT[25]  ; OUTPUT[25]  ; 9.775  ;        ;        ; 9.775  ;
; INPUT[26]  ; OUTPUT[25]  ; 9.992  ;        ;        ; 9.992  ;
; INPUT[26]  ; OUTPUT[26]  ; 9.360  ;        ;        ; 9.360  ;
; INPUT[27]  ; OUTPUT[26]  ; 10.581 ;        ;        ; 10.581 ;
; INPUT[27]  ; OUTPUT[27]  ; 9.150  ;        ;        ; 9.150  ;
; INPUT[28]  ; OUTPUT[27]  ; 10.192 ;        ;        ; 10.192 ;
; INPUT[28]  ; OUTPUT[28]  ; 10.901 ;        ;        ; 10.901 ;
; INPUT[29]  ; OUTPUT[28]  ; 11.427 ;        ;        ; 11.427 ;
; INPUT[29]  ; OUTPUT[29]  ; 10.768 ;        ;        ; 10.768 ;
; INPUT[30]  ; OUTPUT[29]  ; 10.840 ;        ;        ; 10.840 ;
; INPUT[30]  ; OUTPUT[30]  ; 10.545 ;        ;        ; 10.545 ;
; INPUT[31]  ; OUTPUT[30]  ; 10.837 ;        ;        ; 10.837 ;
; INPUT[31]  ; OUTPUT[31]  ; 10.154 ;        ;        ; 10.154 ;
; SLL8       ; OUTPUT[0]   ; 10.387 ; 10.387 ; 10.387 ; 10.387 ;
; SLL8       ; OUTPUT[1]   ; 10.390 ; 10.390 ; 10.390 ; 10.390 ;
; SLL8       ; OUTPUT[2]   ; 10.624 ; 10.624 ; 10.624 ; 10.624 ;
; SLL8       ; OUTPUT[3]   ; 10.625 ; 10.625 ; 10.625 ; 10.625 ;
; SLL8       ; OUTPUT[4]   ; 10.865 ; 10.865 ; 10.865 ; 10.865 ;
; SLL8       ; OUTPUT[5]   ; 10.920 ; 10.920 ; 10.920 ; 10.920 ;
; SLL8       ; OUTPUT[6]   ; 11.594 ; 11.594 ; 11.594 ; 11.594 ;
; SLL8       ; OUTPUT[7]   ; 11.016 ; 11.016 ; 11.016 ; 11.016 ;
; SLL8       ; OUTPUT[8]   ; 9.706  ; 10.620 ; 10.620 ; 9.706  ;
; SLL8       ; OUTPUT[9]   ; 9.992  ; 10.684 ; 10.684 ; 9.992  ;
; SLL8       ; OUTPUT[10]  ; 9.966  ; 10.680 ; 10.680 ; 9.966  ;
; SLL8       ; OUTPUT[11]  ; 11.155 ; 11.336 ; 11.336 ; 11.155 ;
; SLL8       ; OUTPUT[12]  ; 10.646 ; 11.013 ; 11.013 ; 10.646 ;
; SLL8       ; OUTPUT[13]  ; 10.386 ; 11.252 ; 11.252 ; 10.386 ;
; SLL8       ; OUTPUT[14]  ; 10.728 ; 11.126 ; 11.126 ; 10.728 ;
; SLL8       ; OUTPUT[15]  ; 11.116 ; 11.579 ; 11.579 ; 11.116 ;
; SLL8       ; OUTPUT[16]  ; 11.419 ; 12.077 ; 12.077 ; 11.419 ;
; SLL8       ; OUTPUT[17]  ; 11.406 ; 11.782 ; 11.782 ; 11.406 ;
; SLL8       ; OUTPUT[18]  ; 10.301 ; 10.697 ; 10.697 ; 10.301 ;
; SLL8       ; OUTPUT[19]  ; 9.699  ; 10.190 ; 10.190 ; 9.699  ;
; SLL8       ; OUTPUT[20]  ; 11.163 ; 11.527 ; 11.527 ; 11.163 ;
; SLL8       ; OUTPUT[21]  ; 11.154 ; 11.225 ; 11.225 ; 11.154 ;
; SLL8       ; OUTPUT[22]  ; 10.620 ; 11.579 ; 11.579 ; 10.620 ;
; SLL8       ; OUTPUT[23]  ; 11.088 ; 11.737 ; 11.737 ; 11.088 ;
; SLL8       ; OUTPUT[24]  ; 11.343 ; 12.135 ; 12.135 ; 11.343 ;
; SLL8       ; OUTPUT[25]  ; 11.020 ; 11.391 ; 11.391 ; 11.020 ;
; SLL8       ; OUTPUT[26]  ; 10.650 ; 11.432 ; 11.432 ; 10.650 ;
; SLL8       ; OUTPUT[27]  ; 9.695  ; 10.086 ; 10.086 ; 9.695  ;
; SLL8       ; OUTPUT[28]  ; 10.794 ; 11.745 ; 11.745 ; 10.794 ;
; SLL8       ; OUTPUT[29]  ; 11.124 ; 11.212 ; 11.212 ; 11.124 ;
; SLL8       ; OUTPUT[30]  ; 11.221 ; 11.301 ; 11.301 ; 11.221 ;
; SLL8       ; OUTPUT[31]  ;        ; 10.933 ; 10.933 ;        ;
; SRA1       ; OUTPUT[0]   ; 9.948  ; 9.948  ; 9.948  ; 9.948  ;
; SRA1       ; OUTPUT[1]   ; 9.952  ; 9.952  ; 9.952  ; 9.952  ;
; SRA1       ; OUTPUT[2]   ; 10.254 ; 10.254 ; 10.254 ; 10.254 ;
; SRA1       ; OUTPUT[3]   ; 9.984  ; 9.984  ; 9.984  ; 9.984  ;
; SRA1       ; OUTPUT[4]   ; 10.220 ; 10.220 ; 10.220 ; 10.220 ;
; SRA1       ; OUTPUT[5]   ; 10.086 ; 10.086 ; 10.086 ; 10.086 ;
; SRA1       ; OUTPUT[6]   ; 10.783 ; 10.783 ; 10.783 ; 10.783 ;
; SRA1       ; OUTPUT[7]   ; 10.182 ; 10.182 ; 10.182 ; 10.182 ;
; SRA1       ; OUTPUT[8]   ; 10.354 ; 9.654  ; 9.654  ; 10.354 ;
; SRA1       ; OUTPUT[9]   ; 10.371 ; 9.950  ; 9.950  ; 10.371 ;
; SRA1       ; OUTPUT[10]  ; 10.628 ; 9.659  ; 9.659  ; 10.628 ;
; SRA1       ; OUTPUT[11]  ; 11.265 ; 10.502 ; 10.502 ; 11.265 ;
; SRA1       ; OUTPUT[12]  ; 10.929 ; 9.996  ; 9.996  ; 10.929 ;
; SRA1       ; OUTPUT[13]  ; 10.641 ; 9.959  ; 9.959  ; 10.641 ;
; SRA1       ; OUTPUT[14]  ; 10.427 ; 10.039 ; 10.039 ; 10.427 ;
; SRA1       ; OUTPUT[15]  ; 10.787 ; 10.293 ; 10.293 ; 10.787 ;
; SRA1       ; OUTPUT[16]  ; 10.846 ; 10.427 ; 10.427 ; 10.846 ;
; SRA1       ; OUTPUT[17]  ; 11.748 ; 10.596 ; 10.596 ; 11.748 ;
; SRA1       ; OUTPUT[18]  ; 10.371 ; 10.252 ; 10.252 ; 10.371 ;
; SRA1       ; OUTPUT[19]  ; 9.778  ; 9.665  ; 9.665  ; 9.778  ;
; SRA1       ; OUTPUT[20]  ; 11.870 ; 11.055 ; 11.055 ; 11.870 ;
; SRA1       ; OUTPUT[21]  ; 11.428 ; 11.042 ; 11.042 ; 11.428 ;
; SRA1       ; OUTPUT[22]  ; 11.515 ; 10.964 ; 10.964 ; 11.515 ;
; SRA1       ; OUTPUT[23]  ; 11.668 ; 10.986 ; 10.986 ; 11.668 ;
; SRA1       ; OUTPUT[24]  ; 11.168 ; 10.673 ; 10.673 ; 11.168 ;
; SRA1       ; OUTPUT[25]  ; 10.599 ; 10.025 ; 10.025 ; 10.599 ;
; SRA1       ; OUTPUT[26]  ; 11.399 ; 9.967  ; 9.967  ; 11.399 ;
; SRA1       ; OUTPUT[27]  ; 10.052 ; 9.660  ; 9.660  ; 10.052 ;
; SRA1       ; OUTPUT[28]  ; 11.677 ; 10.997 ; 10.997 ; 11.677 ;
; SRA1       ; OUTPUT[29]  ; 11.411 ; 11.012 ; 11.012 ; 11.411 ;
; SRA1       ; OUTPUT[30]  ; 11.504 ; 11.114 ; 11.114 ; 11.504 ;
; SRA1       ; OUTPUT[31]  ; 10.830 ;        ;        ; 10.830 ;
+------------+-------------+--------+--------+--------+--------+


+--------------------------------------------------------------+
; Minimum Propagation Delay                                    ;
+------------+-------------+--------+--------+--------+--------+
; Input Port ; Output Port ; RR     ; RF     ; FR     ; FF     ;
+------------+-------------+--------+--------+--------+--------+
; INPUT[0]   ; OUTPUT[0]   ; 9.549  ;        ;        ; 9.549  ;
; INPUT[0]   ; OUTPUT[8]   ; 9.685  ;        ;        ; 9.685  ;
; INPUT[1]   ; OUTPUT[0]   ; 10.043 ;        ;        ; 10.043 ;
; INPUT[1]   ; OUTPUT[1]   ; 9.870  ;        ;        ; 9.870  ;
; INPUT[1]   ; OUTPUT[9]   ; 10.430 ;        ;        ; 10.430 ;
; INPUT[2]   ; OUTPUT[1]   ; 9.924  ;        ;        ; 9.924  ;
; INPUT[2]   ; OUTPUT[2]   ; 9.455  ;        ;        ; 9.455  ;
; INPUT[2]   ; OUTPUT[10]  ; 10.022 ;        ;        ; 10.022 ;
; INPUT[3]   ; OUTPUT[2]   ; 9.993  ;        ;        ; 9.993  ;
; INPUT[3]   ; OUTPUT[3]   ; 10.130 ;        ;        ; 10.130 ;
; INPUT[3]   ; OUTPUT[11]  ; 10.987 ;        ;        ; 10.987 ;
; INPUT[4]   ; OUTPUT[3]   ; 10.062 ;        ;        ; 10.062 ;
; INPUT[4]   ; OUTPUT[4]   ; 10.299 ;        ;        ; 10.299 ;
; INPUT[4]   ; OUTPUT[12]  ; 10.729 ;        ;        ; 10.729 ;
; INPUT[5]   ; OUTPUT[4]   ; 9.684  ;        ;        ; 9.684  ;
; INPUT[5]   ; OUTPUT[5]   ; 9.672  ;        ;        ; 9.672  ;
; INPUT[5]   ; OUTPUT[13]  ; 10.061 ;        ;        ; 10.061 ;
; INPUT[6]   ; OUTPUT[5]   ; 9.966  ;        ;        ; 9.966  ;
; INPUT[6]   ; OUTPUT[6]   ; 10.670 ;        ;        ; 10.670 ;
; INPUT[6]   ; OUTPUT[14]  ; 10.591 ;        ;        ; 10.591 ;
; INPUT[7]   ; OUTPUT[6]   ; 10.198 ;        ;        ; 10.198 ;
; INPUT[7]   ; OUTPUT[7]   ; 9.593  ;        ;        ; 9.593  ;
; INPUT[7]   ; OUTPUT[15]  ; 10.196 ;        ;        ; 10.196 ;
; INPUT[8]   ; OUTPUT[7]   ; 9.995  ;        ;        ; 9.995  ;
; INPUT[8]   ; OUTPUT[8]   ; 8.835  ;        ;        ; 8.835  ;
; INPUT[8]   ; OUTPUT[16]  ; 11.009 ;        ;        ; 11.009 ;
; INPUT[9]   ; OUTPUT[8]   ; 9.218  ;        ;        ; 9.218  ;
; INPUT[9]   ; OUTPUT[9]   ; 8.805  ;        ;        ; 8.805  ;
; INPUT[9]   ; OUTPUT[17]  ; 10.603 ;        ;        ; 10.603 ;
; INPUT[10]  ; OUTPUT[9]   ; 10.408 ;        ;        ; 10.408 ;
; INPUT[10]  ; OUTPUT[10]  ; 9.727  ;        ;        ; 9.727  ;
; INPUT[10]  ; OUTPUT[18]  ; 10.406 ;        ;        ; 10.406 ;
; INPUT[11]  ; OUTPUT[10]  ; 10.470 ;        ;        ; 10.470 ;
; INPUT[11]  ; OUTPUT[11]  ; 10.492 ;        ;        ; 10.492 ;
; INPUT[11]  ; OUTPUT[19]  ; 9.869  ;        ;        ; 9.869  ;
; INPUT[12]  ; OUTPUT[11]  ; 10.494 ;        ;        ; 10.494 ;
; INPUT[12]  ; OUTPUT[12]  ; 9.324  ;        ;        ; 9.324  ;
; INPUT[12]  ; OUTPUT[20]  ; 11.122 ;        ;        ; 11.122 ;
; INPUT[13]  ; OUTPUT[12]  ; 10.393 ;        ;        ; 10.393 ;
; INPUT[13]  ; OUTPUT[13]  ; 9.706  ;        ;        ; 9.706  ;
; INPUT[13]  ; OUTPUT[21]  ; 10.641 ;        ;        ; 10.641 ;
; INPUT[14]  ; OUTPUT[13]  ; 10.719 ;        ;        ; 10.719 ;
; INPUT[14]  ; OUTPUT[14]  ; 10.060 ;        ;        ; 10.060 ;
; INPUT[14]  ; OUTPUT[22]  ; 10.798 ;        ;        ; 10.798 ;
; INPUT[15]  ; OUTPUT[14]  ; 10.017 ;        ;        ; 10.017 ;
; INPUT[15]  ; OUTPUT[15]  ; 9.873  ;        ;        ; 9.873  ;
; INPUT[15]  ; OUTPUT[23]  ; 10.769 ;        ;        ; 10.769 ;
; INPUT[16]  ; OUTPUT[15]  ; 10.293 ;        ;        ; 10.293 ;
; INPUT[16]  ; OUTPUT[16]  ; 10.107 ;        ;        ; 10.107 ;
; INPUT[16]  ; OUTPUT[24]  ; 10.849 ;        ;        ; 10.849 ;
; INPUT[17]  ; OUTPUT[16]  ; 10.834 ;        ;        ; 10.834 ;
; INPUT[17]  ; OUTPUT[17]  ; 9.974  ;        ;        ; 9.974  ;
; INPUT[17]  ; OUTPUT[25]  ; 9.985  ;        ;        ; 9.985  ;
; INPUT[18]  ; OUTPUT[17]  ; 11.574 ;        ;        ; 11.574 ;
; INPUT[18]  ; OUTPUT[18]  ; 10.087 ;        ;        ; 10.087 ;
; INPUT[18]  ; OUTPUT[26]  ; 11.225 ;        ;        ; 11.225 ;
; INPUT[19]  ; OUTPUT[18]  ; 10.151 ;        ;        ; 10.151 ;
; INPUT[19]  ; OUTPUT[19]  ; 9.193  ;        ;        ; 9.193  ;
; INPUT[19]  ; OUTPUT[27]  ; 9.272  ;        ;        ; 9.272  ;
; INPUT[20]  ; OUTPUT[19]  ; 9.399  ;        ;        ; 9.399  ;
; INPUT[20]  ; OUTPUT[20]  ; 10.425 ;        ;        ; 10.425 ;
; INPUT[20]  ; OUTPUT[28]  ; 11.051 ;        ;        ; 11.051 ;
; INPUT[21]  ; OUTPUT[20]  ; 10.845 ;        ;        ; 10.845 ;
; INPUT[21]  ; OUTPUT[21]  ; 10.309 ;        ;        ; 10.309 ;
; INPUT[21]  ; OUTPUT[29]  ; 10.675 ;        ;        ; 10.675 ;
; INPUT[22]  ; OUTPUT[21]  ; 10.878 ;        ;        ; 10.878 ;
; INPUT[22]  ; OUTPUT[22]  ; 10.081 ;        ;        ; 10.081 ;
; INPUT[22]  ; OUTPUT[30]  ; 10.960 ;        ;        ; 10.960 ;
; INPUT[23]  ; OUTPUT[22]  ; 10.262 ;        ;        ; 10.262 ;
; INPUT[23]  ; OUTPUT[23]  ; 9.744  ;        ;        ; 9.744  ;
; INPUT[23]  ; OUTPUT[31]  ; 9.577  ;        ;        ; 9.577  ;
; INPUT[24]  ; OUTPUT[23]  ; 11.424 ;        ;        ; 11.424 ;
; INPUT[24]  ; OUTPUT[24]  ; 10.208 ;        ;        ; 10.208 ;
; INPUT[25]  ; OUTPUT[24]  ; 10.919 ;        ;        ; 10.919 ;
; INPUT[25]  ; OUTPUT[25]  ; 9.775  ;        ;        ; 9.775  ;
; INPUT[26]  ; OUTPUT[25]  ; 9.992  ;        ;        ; 9.992  ;
; INPUT[26]  ; OUTPUT[26]  ; 9.360  ;        ;        ; 9.360  ;
; INPUT[27]  ; OUTPUT[26]  ; 10.581 ;        ;        ; 10.581 ;
; INPUT[27]  ; OUTPUT[27]  ; 9.150  ;        ;        ; 9.150  ;
; INPUT[28]  ; OUTPUT[27]  ; 10.192 ;        ;        ; 10.192 ;
; INPUT[28]  ; OUTPUT[28]  ; 10.901 ;        ;        ; 10.901 ;
; INPUT[29]  ; OUTPUT[28]  ; 11.427 ;        ;        ; 11.427 ;
; INPUT[29]  ; OUTPUT[29]  ; 10.768 ;        ;        ; 10.768 ;
; INPUT[30]  ; OUTPUT[29]  ; 10.840 ;        ;        ; 10.840 ;
; INPUT[30]  ; OUTPUT[30]  ; 10.545 ;        ;        ; 10.545 ;
; INPUT[31]  ; OUTPUT[30]  ; 10.837 ;        ;        ; 10.837 ;
; INPUT[31]  ; OUTPUT[31]  ; 10.154 ;        ;        ; 10.154 ;
; SLL8       ; OUTPUT[0]   ; 10.387 ; 10.387 ; 10.387 ; 10.387 ;
; SLL8       ; OUTPUT[1]   ; 10.390 ; 10.390 ; 10.390 ; 10.390 ;
; SLL8       ; OUTPUT[2]   ; 10.624 ; 10.624 ; 10.624 ; 10.624 ;
; SLL8       ; OUTPUT[3]   ; 10.625 ; 10.625 ; 10.625 ; 10.625 ;
; SLL8       ; OUTPUT[4]   ; 10.865 ; 10.865 ; 10.865 ; 10.865 ;
; SLL8       ; OUTPUT[5]   ; 10.920 ; 10.920 ; 10.920 ; 10.920 ;
; SLL8       ; OUTPUT[6]   ; 11.594 ; 11.594 ; 11.594 ; 11.594 ;
; SLL8       ; OUTPUT[7]   ; 11.016 ; 11.016 ; 11.016 ; 11.016 ;
; SLL8       ; OUTPUT[8]   ; 9.706  ; 9.706  ; 9.706  ; 9.706  ;
; SLL8       ; OUTPUT[9]   ; 9.992  ; 9.992  ; 9.992  ; 9.992  ;
; SLL8       ; OUTPUT[10]  ; 9.966  ; 9.966  ; 9.966  ; 9.966  ;
; SLL8       ; OUTPUT[11]  ; 11.155 ; 11.155 ; 11.155 ; 11.155 ;
; SLL8       ; OUTPUT[12]  ; 10.646 ; 10.646 ; 10.646 ; 10.646 ;
; SLL8       ; OUTPUT[13]  ; 10.386 ; 10.386 ; 10.386 ; 10.386 ;
; SLL8       ; OUTPUT[14]  ; 10.728 ; 10.728 ; 10.728 ; 10.728 ;
; SLL8       ; OUTPUT[15]  ; 11.116 ; 11.116 ; 11.116 ; 11.116 ;
; SLL8       ; OUTPUT[16]  ; 11.419 ; 11.419 ; 11.419 ; 11.419 ;
; SLL8       ; OUTPUT[17]  ; 11.406 ; 11.406 ; 11.406 ; 11.406 ;
; SLL8       ; OUTPUT[18]  ; 10.301 ; 10.301 ; 10.301 ; 10.301 ;
; SLL8       ; OUTPUT[19]  ; 9.699  ; 9.699  ; 9.699  ; 9.699  ;
; SLL8       ; OUTPUT[20]  ; 11.163 ; 11.163 ; 11.163 ; 11.163 ;
; SLL8       ; OUTPUT[21]  ; 11.154 ; 11.154 ; 11.154 ; 11.154 ;
; SLL8       ; OUTPUT[22]  ; 10.620 ; 10.620 ; 10.620 ; 10.620 ;
; SLL8       ; OUTPUT[23]  ; 11.088 ; 11.088 ; 11.088 ; 11.088 ;
; SLL8       ; OUTPUT[24]  ; 11.343 ; 11.343 ; 11.343 ; 11.343 ;
; SLL8       ; OUTPUT[25]  ; 11.020 ; 11.020 ; 11.020 ; 11.020 ;
; SLL8       ; OUTPUT[26]  ; 10.650 ; 10.650 ; 10.650 ; 10.650 ;
; SLL8       ; OUTPUT[27]  ; 9.695  ; 9.695  ; 9.695  ; 9.695  ;
; SLL8       ; OUTPUT[28]  ; 10.794 ; 10.794 ; 10.794 ; 10.794 ;
; SLL8       ; OUTPUT[29]  ; 11.124 ; 11.124 ; 11.124 ; 11.124 ;
; SLL8       ; OUTPUT[30]  ; 11.221 ; 11.221 ; 11.221 ; 11.221 ;
; SLL8       ; OUTPUT[31]  ;        ; 10.933 ; 10.933 ;        ;
; SRA1       ; OUTPUT[0]   ; 9.948  ; 9.948  ; 9.948  ; 9.948  ;
; SRA1       ; OUTPUT[1]   ; 9.952  ; 9.952  ; 9.952  ; 9.952  ;
; SRA1       ; OUTPUT[2]   ; 10.254 ; 10.254 ; 10.254 ; 10.254 ;
; SRA1       ; OUTPUT[3]   ; 9.984  ; 9.984  ; 9.984  ; 9.984  ;
; SRA1       ; OUTPUT[4]   ; 10.220 ; 10.220 ; 10.220 ; 10.220 ;
; SRA1       ; OUTPUT[5]   ; 10.086 ; 10.086 ; 10.086 ; 10.086 ;
; SRA1       ; OUTPUT[6]   ; 10.783 ; 10.783 ; 10.783 ; 10.783 ;
; SRA1       ; OUTPUT[7]   ; 10.182 ; 10.182 ; 10.182 ; 10.182 ;
; SRA1       ; OUTPUT[8]   ; 9.654  ; 9.654  ; 9.654  ; 9.654  ;
; SRA1       ; OUTPUT[9]   ; 9.950  ; 9.950  ; 9.950  ; 9.950  ;
; SRA1       ; OUTPUT[10]  ; 9.659  ; 9.659  ; 9.659  ; 9.659  ;
; SRA1       ; OUTPUT[11]  ; 10.502 ; 10.502 ; 10.502 ; 10.502 ;
; SRA1       ; OUTPUT[12]  ; 9.996  ; 9.996  ; 9.996  ; 9.996  ;
; SRA1       ; OUTPUT[13]  ; 9.959  ; 9.959  ; 9.959  ; 9.959  ;
; SRA1       ; OUTPUT[14]  ; 10.039 ; 10.039 ; 10.039 ; 10.039 ;
; SRA1       ; OUTPUT[15]  ; 10.293 ; 10.293 ; 10.293 ; 10.293 ;
; SRA1       ; OUTPUT[16]  ; 10.427 ; 10.427 ; 10.427 ; 10.427 ;
; SRA1       ; OUTPUT[17]  ; 10.596 ; 10.596 ; 10.596 ; 10.596 ;
; SRA1       ; OUTPUT[18]  ; 10.252 ; 10.252 ; 10.252 ; 10.252 ;
; SRA1       ; OUTPUT[19]  ; 9.665  ; 9.665  ; 9.665  ; 9.665  ;
; SRA1       ; OUTPUT[20]  ; 11.055 ; 11.055 ; 11.055 ; 11.055 ;
; SRA1       ; OUTPUT[21]  ; 11.042 ; 11.042 ; 11.042 ; 11.042 ;
; SRA1       ; OUTPUT[22]  ; 10.964 ; 10.964 ; 10.964 ; 10.964 ;
; SRA1       ; OUTPUT[23]  ; 10.986 ; 10.986 ; 10.986 ; 10.986 ;
; SRA1       ; OUTPUT[24]  ; 10.673 ; 10.673 ; 10.673 ; 10.673 ;
; SRA1       ; OUTPUT[25]  ; 10.025 ; 10.025 ; 10.025 ; 10.025 ;
; SRA1       ; OUTPUT[26]  ; 9.967  ; 9.967  ; 9.967  ; 9.967  ;
; SRA1       ; OUTPUT[27]  ; 9.660  ; 9.660  ; 9.660  ; 9.660  ;
; SRA1       ; OUTPUT[28]  ; 10.997 ; 10.997 ; 10.997 ; 10.997 ;
; SRA1       ; OUTPUT[29]  ; 11.012 ; 11.012 ; 11.012 ; 11.012 ;
; SRA1       ; OUTPUT[30]  ; 11.114 ; 11.114 ; 11.114 ; 11.114 ;
; SRA1       ; OUTPUT[31]  ; 10.830 ;        ;        ; 10.830 ;
+------------+-------------+--------+--------+--------+--------+


----------------------------
; Fast Model Setup Summary ;
----------------------------
No paths to report.


---------------------------
; Fast Model Hold Summary ;
---------------------------
No paths to report.


-------------------------------
; Fast Model Recovery Summary ;
-------------------------------
No paths to report.


------------------------------
; Fast Model Removal Summary ;
------------------------------
No paths to report.


------------------------------------------
; Fast Model Minimum Pulse Width Summary ;
------------------------------------------
No paths to report.


+----------------------------------------------------------+
; Propagation Delay                                        ;
+------------+-------------+-------+-------+-------+-------+
; Input Port ; Output Port ; RR    ; RF    ; FR    ; FF    ;
+------------+-------------+-------+-------+-------+-------+
; INPUT[0]   ; OUTPUT[0]   ; 5.301 ;       ;       ; 5.301 ;
; INPUT[0]   ; OUTPUT[8]   ; 5.332 ;       ;       ; 5.332 ;
; INPUT[1]   ; OUTPUT[0]   ; 5.535 ;       ;       ; 5.535 ;
; INPUT[1]   ; OUTPUT[1]   ; 5.458 ;       ;       ; 5.458 ;
; INPUT[1]   ; OUTPUT[9]   ; 5.691 ;       ;       ; 5.691 ;
; INPUT[2]   ; OUTPUT[1]   ; 5.472 ;       ;       ; 5.472 ;
; INPUT[2]   ; OUTPUT[2]   ; 5.325 ;       ;       ; 5.325 ;
; INPUT[2]   ; OUTPUT[10]  ; 5.501 ;       ;       ; 5.501 ;
; INPUT[3]   ; OUTPUT[2]   ; 5.549 ;       ;       ; 5.549 ;
; INPUT[3]   ; OUTPUT[3]   ; 5.618 ;       ;       ; 5.618 ;
; INPUT[3]   ; OUTPUT[11]  ; 5.999 ;       ;       ; 5.999 ;
; INPUT[4]   ; OUTPUT[3]   ; 5.593 ;       ;       ; 5.593 ;
; INPUT[4]   ; OUTPUT[4]   ; 5.705 ;       ;       ; 5.705 ;
; INPUT[4]   ; OUTPUT[12]  ; 5.879 ;       ;       ; 5.879 ;
; INPUT[5]   ; OUTPUT[4]   ; 5.390 ;       ;       ; 5.390 ;
; INPUT[5]   ; OUTPUT[5]   ; 5.330 ;       ;       ; 5.330 ;
; INPUT[5]   ; OUTPUT[13]  ; 5.533 ;       ;       ; 5.533 ;
; INPUT[6]   ; OUTPUT[5]   ; 5.524 ;       ;       ; 5.524 ;
; INPUT[6]   ; OUTPUT[6]   ; 5.903 ;       ;       ; 5.903 ;
; INPUT[6]   ; OUTPUT[14]  ; 5.783 ;       ;       ; 5.783 ;
; INPUT[7]   ; OUTPUT[6]   ; 5.644 ;       ;       ; 5.644 ;
; INPUT[7]   ; OUTPUT[7]   ; 5.359 ;       ;       ; 5.359 ;
; INPUT[7]   ; OUTPUT[15]  ; 5.554 ;       ;       ; 5.554 ;
; INPUT[8]   ; OUTPUT[7]   ; 5.574 ;       ;       ; 5.574 ;
; INPUT[8]   ; OUTPUT[8]   ; 4.974 ;       ;       ; 4.974 ;
; INPUT[8]   ; OUTPUT[16]  ; 6.014 ;       ;       ; 6.014 ;
; INPUT[9]   ; OUTPUT[8]   ; 5.131 ;       ;       ; 5.131 ;
; INPUT[9]   ; OUTPUT[9]   ; 4.965 ;       ;       ; 4.965 ;
; INPUT[9]   ; OUTPUT[17]  ; 5.840 ;       ;       ; 5.840 ;
; INPUT[10]  ; OUTPUT[9]   ; 5.647 ;       ;       ; 5.647 ;
; INPUT[10]  ; OUTPUT[10]  ; 5.360 ;       ;       ; 5.360 ;
; INPUT[10]  ; OUTPUT[18]  ; 5.656 ;       ;       ; 5.656 ;
; INPUT[11]  ; OUTPUT[10]  ; 5.676 ;       ;       ; 5.676 ;
; INPUT[11]  ; OUTPUT[11]  ; 5.771 ;       ;       ; 5.771 ;
; INPUT[11]  ; OUTPUT[19]  ; 5.418 ;       ;       ; 5.418 ;
; INPUT[12]  ; OUTPUT[11]  ; 5.751 ;       ;       ; 5.751 ;
; INPUT[12]  ; OUTPUT[12]  ; 5.215 ;       ;       ; 5.215 ;
; INPUT[12]  ; OUTPUT[20]  ; 5.997 ;       ;       ; 5.997 ;
; INPUT[13]  ; OUTPUT[12]  ; 5.689 ;       ;       ; 5.689 ;
; INPUT[13]  ; OUTPUT[13]  ; 5.378 ;       ;       ; 5.378 ;
; INPUT[13]  ; OUTPUT[21]  ; 5.825 ;       ;       ; 5.825 ;
; INPUT[14]  ; OUTPUT[13]  ; 5.822 ;       ;       ; 5.822 ;
; INPUT[14]  ; OUTPUT[14]  ; 5.518 ;       ;       ; 5.518 ;
; INPUT[14]  ; OUTPUT[22]  ; 5.898 ;       ;       ; 5.898 ;
; INPUT[15]  ; OUTPUT[14]  ; 5.528 ;       ;       ; 5.528 ;
; INPUT[15]  ; OUTPUT[15]  ; 5.466 ;       ;       ; 5.466 ;
; INPUT[15]  ; OUTPUT[23]  ; 5.917 ;       ;       ; 5.917 ;
; INPUT[16]  ; OUTPUT[15]  ; 5.632 ;       ;       ; 5.632 ;
; INPUT[16]  ; OUTPUT[16]  ; 5.637 ;       ;       ; 5.637 ;
; INPUT[16]  ; OUTPUT[24]  ; 5.946 ;       ;       ; 5.946 ;
; INPUT[17]  ; OUTPUT[16]  ; 5.903 ;       ;       ; 5.903 ;
; INPUT[17]  ; OUTPUT[17]  ; 5.529 ;       ;       ; 5.529 ;
; INPUT[17]  ; OUTPUT[25]  ; 5.508 ;       ;       ; 5.508 ;
; INPUT[18]  ; OUTPUT[17]  ; 6.241 ;       ;       ; 6.241 ;
; INPUT[18]  ; OUTPUT[18]  ; 5.511 ;       ;       ; 5.511 ;
; INPUT[18]  ; OUTPUT[26]  ; 6.065 ;       ;       ; 6.065 ;
; INPUT[19]  ; OUTPUT[18]  ; 5.573 ;       ;       ; 5.573 ;
; INPUT[19]  ; OUTPUT[19]  ; 5.141 ;       ;       ; 5.141 ;
; INPUT[19]  ; OUTPUT[27]  ; 5.171 ;       ;       ; 5.171 ;
; INPUT[20]  ; OUTPUT[19]  ; 5.218 ;       ;       ; 5.218 ;
; INPUT[20]  ; OUTPUT[20]  ; 5.792 ;       ;       ; 5.792 ;
; INPUT[20]  ; OUTPUT[28]  ; 6.116 ;       ;       ; 6.116 ;
; INPUT[21]  ; OUTPUT[20]  ; 5.910 ;       ;       ; 5.910 ;
; INPUT[21]  ; OUTPUT[21]  ; 5.683 ;       ;       ; 5.683 ;
; INPUT[21]  ; OUTPUT[29]  ; 5.907 ;       ;       ; 5.907 ;
; INPUT[22]  ; OUTPUT[21]  ; 5.888 ;       ;       ; 5.888 ;
; INPUT[22]  ; OUTPUT[22]  ; 5.595 ;       ;       ; 5.595 ;
; INPUT[22]  ; OUTPUT[30]  ; 5.990 ;       ;       ; 5.990 ;
; INPUT[23]  ; OUTPUT[22]  ; 5.641 ;       ;       ; 5.641 ;
; INPUT[23]  ; OUTPUT[23]  ; 5.426 ;       ;       ; 5.426 ;
; INPUT[23]  ; OUTPUT[31]  ; 5.362 ;       ;       ; 5.362 ;
; INPUT[24]  ; OUTPUT[23]  ; 6.208 ;       ;       ; 6.208 ;
; INPUT[24]  ; OUTPUT[24]  ; 5.649 ;       ;       ; 5.649 ;
; INPUT[25]  ; OUTPUT[24]  ; 5.938 ;       ;       ; 5.938 ;
; INPUT[25]  ; OUTPUT[25]  ; 5.431 ;       ;       ; 5.431 ;
; INPUT[26]  ; OUTPUT[25]  ; 5.539 ;       ;       ; 5.539 ;
; INPUT[26]  ; OUTPUT[26]  ; 5.268 ;       ;       ; 5.268 ;
; INPUT[27]  ; OUTPUT[26]  ; 5.801 ;       ;       ; 5.801 ;
; INPUT[27]  ; OUTPUT[27]  ; 5.106 ;       ;       ; 5.106 ;
; INPUT[28]  ; OUTPUT[27]  ; 5.566 ;       ;       ; 5.566 ;
; INPUT[28]  ; OUTPUT[28]  ; 6.007 ;       ;       ; 6.007 ;
; INPUT[29]  ; OUTPUT[28]  ; 6.260 ;       ;       ; 6.260 ;
; INPUT[29]  ; OUTPUT[29]  ; 5.980 ;       ;       ; 5.980 ;
; INPUT[30]  ; OUTPUT[29]  ; 5.944 ;       ;       ; 5.944 ;
; INPUT[30]  ; OUTPUT[30]  ; 5.825 ;       ;       ; 5.825 ;
; INPUT[31]  ; OUTPUT[30]  ; 5.974 ;       ;       ; 5.974 ;
; INPUT[31]  ; OUTPUT[31]  ; 5.674 ;       ;       ; 5.674 ;
; SLL8       ; OUTPUT[0]   ; 5.714 ; 5.714 ; 5.714 ; 5.714 ;
; SLL8       ; OUTPUT[1]   ; 5.716 ; 5.716 ; 5.716 ; 5.716 ;
; SLL8       ; OUTPUT[2]   ; 5.839 ; 5.839 ; 5.839 ; 5.839 ;
; SLL8       ; OUTPUT[3]   ; 5.840 ; 5.840 ; 5.840 ; 5.840 ;
; SLL8       ; OUTPUT[4]   ; 5.953 ; 5.953 ; 5.953 ; 5.953 ;
; SLL8       ; OUTPUT[5]   ; 5.942 ; 5.942 ; 5.942 ; 5.942 ;
; SLL8       ; OUTPUT[6]   ; 6.317 ; 6.317 ; 6.317 ; 6.317 ;
; SLL8       ; OUTPUT[7]   ; 6.032 ; 6.032 ; 6.032 ; 6.032 ;
; SLL8       ; OUTPUT[8]   ; 5.378 ; 5.751 ; 5.751 ; 5.378 ;
; SLL8       ; OUTPUT[9]   ; 5.500 ; 5.789 ; 5.789 ; 5.500 ;
; SLL8       ; OUTPUT[10]  ; 5.495 ; 5.801 ; 5.801 ; 5.495 ;
; SLL8       ; OUTPUT[11]  ; 6.078 ; 6.159 ; 6.159 ; 6.078 ;
; SLL8       ; OUTPUT[12]  ; 5.836 ; 5.995 ; 5.995 ; 5.836 ;
; SLL8       ; OUTPUT[13]  ; 5.702 ; 6.099 ; 6.099 ; 5.702 ;
; SLL8       ; OUTPUT[14]  ; 5.841 ; 6.007 ; 6.007 ; 5.841 ;
; SLL8       ; OUTPUT[15]  ; 6.008 ; 6.231 ; 6.231 ; 6.008 ;
; SLL8       ; OUTPUT[16]  ; 6.222 ; 6.517 ; 6.517 ; 6.222 ;
; SLL8       ; OUTPUT[17]  ; 6.215 ; 6.367 ; 6.367 ; 6.215 ;
; SLL8       ; OUTPUT[18]  ; 5.649 ; 5.812 ; 5.812 ; 5.649 ;
; SLL8       ; OUTPUT[19]  ; 5.372 ; 5.608 ; 5.608 ; 5.372 ;
; SLL8       ; OUTPUT[20]  ; 6.100 ; 6.254 ; 6.254 ; 6.100 ;
; SLL8       ; OUTPUT[21]  ; 6.090 ; 6.112 ; 6.112 ; 6.090 ;
; SLL8       ; OUTPUT[22]  ; 5.921 ; 6.334 ; 6.334 ; 5.921 ;
; SLL8       ; OUTPUT[23]  ; 6.109 ; 6.406 ; 6.406 ; 6.109 ;
; SLL8       ; OUTPUT[24]  ; 6.174 ; 6.542 ; 6.542 ; 6.174 ;
; SLL8       ; OUTPUT[25]  ; 6.028 ; 6.209 ; 6.209 ; 6.028 ;
; SLL8       ; OUTPUT[26]  ; 5.859 ; 6.191 ; 6.191 ; 5.859 ;
; SLL8       ; OUTPUT[27]  ; 5.370 ; 5.528 ; 5.528 ; 5.370 ;
; SLL8       ; OUTPUT[28]  ; 5.994 ; 6.420 ; 6.420 ; 5.994 ;
; SLL8       ; OUTPUT[29]  ; 6.143 ; 6.180 ; 6.180 ; 6.143 ;
; SLL8       ; OUTPUT[30]  ; 6.184 ; 6.210 ; 6.210 ; 6.184 ;
; SLL8       ; OUTPUT[31]  ;       ; 6.054 ; 6.054 ;       ;
; SRA1       ; OUTPUT[0]   ; 5.500 ; 5.500 ; 5.500 ; 5.500 ;
; SRA1       ; OUTPUT[1]   ; 5.504 ; 5.504 ; 5.504 ; 5.504 ;
; SRA1       ; OUTPUT[2]   ; 5.702 ; 5.702 ; 5.702 ; 5.702 ;
; SRA1       ; OUTPUT[3]   ; 5.584 ; 5.584 ; 5.584 ; 5.584 ;
; SRA1       ; OUTPUT[4]   ; 5.694 ; 5.694 ; 5.694 ; 5.694 ;
; SRA1       ; OUTPUT[5]   ; 5.558 ; 5.558 ; 5.558 ; 5.558 ;
; SRA1       ; OUTPUT[6]   ; 5.933 ; 5.933 ; 5.933 ; 5.933 ;
; SRA1       ; OUTPUT[7]   ; 5.648 ; 5.648 ; 5.648 ; 5.648 ;
; SRA1       ; OUTPUT[8]   ; 5.654 ; 5.354 ; 5.354 ; 5.654 ;
; SRA1       ; OUTPUT[9]   ; 5.658 ; 5.487 ; 5.487 ; 5.658 ;
; SRA1       ; OUTPUT[10]  ; 5.783 ; 5.374 ; 5.374 ; 5.783 ;
; SRA1       ; OUTPUT[11]  ; 6.164 ; 5.832 ; 5.832 ; 6.164 ;
; SRA1       ; OUTPUT[12]  ; 5.993 ; 5.592 ; 5.592 ; 5.993 ;
; SRA1       ; OUTPUT[13]  ; 5.855 ; 5.560 ; 5.560 ; 5.855 ;
; SRA1       ; OUTPUT[14]  ; 5.699 ; 5.531 ; 5.531 ; 5.699 ;
; SRA1       ; OUTPUT[15]  ; 5.851 ; 5.633 ; 5.633 ; 5.851 ;
; SRA1       ; OUTPUT[16]  ; 5.925 ; 5.771 ; 5.771 ; 5.925 ;
; SRA1       ; OUTPUT[17]  ; 6.369 ; 5.849 ; 5.849 ; 6.369 ;
; SRA1       ; OUTPUT[18]  ; 5.672 ; 5.625 ; 5.625 ; 5.672 ;
; SRA1       ; OUTPUT[19]  ; 5.402 ; 5.364 ; 5.364 ; 5.402 ;
; SRA1       ; OUTPUT[20]  ; 6.443 ; 6.087 ; 6.087 ; 6.443 ;
; SRA1       ; OUTPUT[21]  ; 6.257 ; 6.080 ; 6.080 ; 6.257 ;
; SRA1       ; OUTPUT[22]  ; 6.346 ; 6.108 ; 6.108 ; 6.346 ;
; SRA1       ; OUTPUT[23]  ; 6.420 ; 6.098 ; 6.098 ; 6.420 ;
; SRA1       ; OUTPUT[24]  ; 6.104 ; 5.877 ; 5.877 ; 6.104 ;
; SRA1       ; OUTPUT[25]  ; 5.829 ; 5.577 ; 5.577 ; 5.829 ;
; SRA1       ; OUTPUT[26]  ; 6.193 ; 5.553 ; 5.553 ; 6.193 ;
; SRA1       ; OUTPUT[27]  ; 5.529 ; 5.362 ; 5.362 ; 5.529 ;
; SRA1       ; OUTPUT[28]  ; 6.434 ; 6.111 ; 6.111 ; 6.434 ;
; SRA1       ; OUTPUT[29]  ; 6.324 ; 6.131 ; 6.131 ; 6.324 ;
; SRA1       ; OUTPUT[30]  ; 6.355 ; 6.173 ; 6.173 ; 6.355 ;
; SRA1       ; OUTPUT[31]  ; 6.040 ;       ;       ; 6.040 ;
+------------+-------------+-------+-------+-------+-------+


+----------------------------------------------------------+
; Minimum Propagation Delay                                ;
+------------+-------------+-------+-------+-------+-------+
; Input Port ; Output Port ; RR    ; RF    ; FR    ; FF    ;
+------------+-------------+-------+-------+-------+-------+
; INPUT[0]   ; OUTPUT[0]   ; 5.301 ;       ;       ; 5.301 ;
; INPUT[0]   ; OUTPUT[8]   ; 5.332 ;       ;       ; 5.332 ;
; INPUT[1]   ; OUTPUT[0]   ; 5.535 ;       ;       ; 5.535 ;
; INPUT[1]   ; OUTPUT[1]   ; 5.458 ;       ;       ; 5.458 ;
; INPUT[1]   ; OUTPUT[9]   ; 5.691 ;       ;       ; 5.691 ;
; INPUT[2]   ; OUTPUT[1]   ; 5.472 ;       ;       ; 5.472 ;
; INPUT[2]   ; OUTPUT[2]   ; 5.325 ;       ;       ; 5.325 ;
; INPUT[2]   ; OUTPUT[10]  ; 5.501 ;       ;       ; 5.501 ;
; INPUT[3]   ; OUTPUT[2]   ; 5.549 ;       ;       ; 5.549 ;
; INPUT[3]   ; OUTPUT[3]   ; 5.618 ;       ;       ; 5.618 ;
; INPUT[3]   ; OUTPUT[11]  ; 5.999 ;       ;       ; 5.999 ;
; INPUT[4]   ; OUTPUT[3]   ; 5.593 ;       ;       ; 5.593 ;
; INPUT[4]   ; OUTPUT[4]   ; 5.705 ;       ;       ; 5.705 ;
; INPUT[4]   ; OUTPUT[12]  ; 5.879 ;       ;       ; 5.879 ;
; INPUT[5]   ; OUTPUT[4]   ; 5.390 ;       ;       ; 5.390 ;
; INPUT[5]   ; OUTPUT[5]   ; 5.330 ;       ;       ; 5.330 ;
; INPUT[5]   ; OUTPUT[13]  ; 5.533 ;       ;       ; 5.533 ;
; INPUT[6]   ; OUTPUT[5]   ; 5.524 ;       ;       ; 5.524 ;
; INPUT[6]   ; OUTPUT[6]   ; 5.903 ;       ;       ; 5.903 ;
; INPUT[6]   ; OUTPUT[14]  ; 5.783 ;       ;       ; 5.783 ;
; INPUT[7]   ; OUTPUT[6]   ; 5.644 ;       ;       ; 5.644 ;
; INPUT[7]   ; OUTPUT[7]   ; 5.359 ;       ;       ; 5.359 ;
; INPUT[7]   ; OUTPUT[15]  ; 5.554 ;       ;       ; 5.554 ;
; INPUT[8]   ; OUTPUT[7]   ; 5.574 ;       ;       ; 5.574 ;
; INPUT[8]   ; OUTPUT[8]   ; 4.974 ;       ;       ; 4.974 ;
; INPUT[8]   ; OUTPUT[16]  ; 6.014 ;       ;       ; 6.014 ;
; INPUT[9]   ; OUTPUT[8]   ; 5.131 ;       ;       ; 5.131 ;
; INPUT[9]   ; OUTPUT[9]   ; 4.965 ;       ;       ; 4.965 ;
; INPUT[9]   ; OUTPUT[17]  ; 5.840 ;       ;       ; 5.840 ;
; INPUT[10]  ; OUTPUT[9]   ; 5.647 ;       ;       ; 5.647 ;
; INPUT[10]  ; OUTPUT[10]  ; 5.360 ;       ;       ; 5.360 ;
; INPUT[10]  ; OUTPUT[18]  ; 5.656 ;       ;       ; 5.656 ;
; INPUT[11]  ; OUTPUT[10]  ; 5.676 ;       ;       ; 5.676 ;
; INPUT[11]  ; OUTPUT[11]  ; 5.771 ;       ;       ; 5.771 ;
; INPUT[11]  ; OUTPUT[19]  ; 5.418 ;       ;       ; 5.418 ;
; INPUT[12]  ; OUTPUT[11]  ; 5.751 ;       ;       ; 5.751 ;
; INPUT[12]  ; OUTPUT[12]  ; 5.215 ;       ;       ; 5.215 ;
; INPUT[12]  ; OUTPUT[20]  ; 5.997 ;       ;       ; 5.997 ;
; INPUT[13]  ; OUTPUT[12]  ; 5.689 ;       ;       ; 5.689 ;
; INPUT[13]  ; OUTPUT[13]  ; 5.378 ;       ;       ; 5.378 ;
; INPUT[13]  ; OUTPUT[21]  ; 5.825 ;       ;       ; 5.825 ;
; INPUT[14]  ; OUTPUT[13]  ; 5.822 ;       ;       ; 5.822 ;
; INPUT[14]  ; OUTPUT[14]  ; 5.518 ;       ;       ; 5.518 ;
; INPUT[14]  ; OUTPUT[22]  ; 5.898 ;       ;       ; 5.898 ;
; INPUT[15]  ; OUTPUT[14]  ; 5.528 ;       ;       ; 5.528 ;
; INPUT[15]  ; OUTPUT[15]  ; 5.466 ;       ;       ; 5.466 ;
; INPUT[15]  ; OUTPUT[23]  ; 5.917 ;       ;       ; 5.917 ;
; INPUT[16]  ; OUTPUT[15]  ; 5.632 ;       ;       ; 5.632 ;
; INPUT[16]  ; OUTPUT[16]  ; 5.637 ;       ;       ; 5.637 ;
; INPUT[16]  ; OUTPUT[24]  ; 5.946 ;       ;       ; 5.946 ;
; INPUT[17]  ; OUTPUT[16]  ; 5.903 ;       ;       ; 5.903 ;
; INPUT[17]  ; OUTPUT[17]  ; 5.529 ;       ;       ; 5.529 ;
; INPUT[17]  ; OUTPUT[25]  ; 5.508 ;       ;       ; 5.508 ;
; INPUT[18]  ; OUTPUT[17]  ; 6.241 ;       ;       ; 6.241 ;
; INPUT[18]  ; OUTPUT[18]  ; 5.511 ;       ;       ; 5.511 ;
; INPUT[18]  ; OUTPUT[26]  ; 6.065 ;       ;       ; 6.065 ;
; INPUT[19]  ; OUTPUT[18]  ; 5.573 ;       ;       ; 5.573 ;
; INPUT[19]  ; OUTPUT[19]  ; 5.141 ;       ;       ; 5.141 ;
; INPUT[19]  ; OUTPUT[27]  ; 5.171 ;       ;       ; 5.171 ;
; INPUT[20]  ; OUTPUT[19]  ; 5.218 ;       ;       ; 5.218 ;
; INPUT[20]  ; OUTPUT[20]  ; 5.792 ;       ;       ; 5.792 ;
; INPUT[20]  ; OUTPUT[28]  ; 6.116 ;       ;       ; 6.116 ;
; INPUT[21]  ; OUTPUT[20]  ; 5.910 ;       ;       ; 5.910 ;
; INPUT[21]  ; OUTPUT[21]  ; 5.683 ;       ;       ; 5.683 ;
; INPUT[21]  ; OUTPUT[29]  ; 5.907 ;       ;       ; 5.907 ;
; INPUT[22]  ; OUTPUT[21]  ; 5.888 ;       ;       ; 5.888 ;
; INPUT[22]  ; OUTPUT[22]  ; 5.595 ;       ;       ; 5.595 ;
; INPUT[22]  ; OUTPUT[30]  ; 5.990 ;       ;       ; 5.990 ;
; INPUT[23]  ; OUTPUT[22]  ; 5.641 ;       ;       ; 5.641 ;
; INPUT[23]  ; OUTPUT[23]  ; 5.426 ;       ;       ; 5.426 ;
; INPUT[23]  ; OUTPUT[31]  ; 5.362 ;       ;       ; 5.362 ;
; INPUT[24]  ; OUTPUT[23]  ; 6.208 ;       ;       ; 6.208 ;
; INPUT[24]  ; OUTPUT[24]  ; 5.649 ;       ;       ; 5.649 ;
; INPUT[25]  ; OUTPUT[24]  ; 5.938 ;       ;       ; 5.938 ;
; INPUT[25]  ; OUTPUT[25]  ; 5.431 ;       ;       ; 5.431 ;
; INPUT[26]  ; OUTPUT[25]  ; 5.539 ;       ;       ; 5.539 ;
; INPUT[26]  ; OUTPUT[26]  ; 5.268 ;       ;       ; 5.268 ;
; INPUT[27]  ; OUTPUT[26]  ; 5.801 ;       ;       ; 5.801 ;
; INPUT[27]  ; OUTPUT[27]  ; 5.106 ;       ;       ; 5.106 ;
; INPUT[28]  ; OUTPUT[27]  ; 5.566 ;       ;       ; 5.566 ;
; INPUT[28]  ; OUTPUT[28]  ; 6.007 ;       ;       ; 6.007 ;
; INPUT[29]  ; OUTPUT[28]  ; 6.260 ;       ;       ; 6.260 ;
; INPUT[29]  ; OUTPUT[29]  ; 5.980 ;       ;       ; 5.980 ;
; INPUT[30]  ; OUTPUT[29]  ; 5.944 ;       ;       ; 5.944 ;
; INPUT[30]  ; OUTPUT[30]  ; 5.825 ;       ;       ; 5.825 ;
; INPUT[31]  ; OUTPUT[30]  ; 5.974 ;       ;       ; 5.974 ;
; INPUT[31]  ; OUTPUT[31]  ; 5.674 ;       ;       ; 5.674 ;
; SLL8       ; OUTPUT[0]   ; 5.714 ; 5.714 ; 5.714 ; 5.714 ;
; SLL8       ; OUTPUT[1]   ; 5.716 ; 5.716 ; 5.716 ; 5.716 ;
; SLL8       ; OUTPUT[2]   ; 5.839 ; 5.839 ; 5.839 ; 5.839 ;
; SLL8       ; OUTPUT[3]   ; 5.840 ; 5.840 ; 5.840 ; 5.840 ;
; SLL8       ; OUTPUT[4]   ; 5.953 ; 5.953 ; 5.953 ; 5.953 ;
; SLL8       ; OUTPUT[5]   ; 5.942 ; 5.942 ; 5.942 ; 5.942 ;
; SLL8       ; OUTPUT[6]   ; 6.317 ; 6.317 ; 6.317 ; 6.317 ;
; SLL8       ; OUTPUT[7]   ; 6.032 ; 6.032 ; 6.032 ; 6.032 ;
; SLL8       ; OUTPUT[8]   ; 5.378 ; 5.378 ; 5.378 ; 5.378 ;
; SLL8       ; OUTPUT[9]   ; 5.500 ; 5.500 ; 5.500 ; 5.500 ;
; SLL8       ; OUTPUT[10]  ; 5.495 ; 5.495 ; 5.495 ; 5.495 ;
; SLL8       ; OUTPUT[11]  ; 6.078 ; 6.078 ; 6.078 ; 6.078 ;
; SLL8       ; OUTPUT[12]  ; 5.836 ; 5.836 ; 5.836 ; 5.836 ;
; SLL8       ; OUTPUT[13]  ; 5.702 ; 5.702 ; 5.702 ; 5.702 ;
; SLL8       ; OUTPUT[14]  ; 5.841 ; 5.841 ; 5.841 ; 5.841 ;
; SLL8       ; OUTPUT[15]  ; 6.008 ; 6.008 ; 6.008 ; 6.008 ;
; SLL8       ; OUTPUT[16]  ; 6.222 ; 6.222 ; 6.222 ; 6.222 ;
; SLL8       ; OUTPUT[17]  ; 6.215 ; 6.215 ; 6.215 ; 6.215 ;
; SLL8       ; OUTPUT[18]  ; 5.649 ; 5.649 ; 5.649 ; 5.649 ;
; SLL8       ; OUTPUT[19]  ; 5.372 ; 5.372 ; 5.372 ; 5.372 ;
; SLL8       ; OUTPUT[20]  ; 6.100 ; 6.100 ; 6.100 ; 6.100 ;
; SLL8       ; OUTPUT[21]  ; 6.090 ; 6.090 ; 6.090 ; 6.090 ;
; SLL8       ; OUTPUT[22]  ; 5.921 ; 5.921 ; 5.921 ; 5.921 ;
; SLL8       ; OUTPUT[23]  ; 6.109 ; 6.109 ; 6.109 ; 6.109 ;
; SLL8       ; OUTPUT[24]  ; 6.174 ; 6.174 ; 6.174 ; 6.174 ;
; SLL8       ; OUTPUT[25]  ; 6.028 ; 6.028 ; 6.028 ; 6.028 ;
; SLL8       ; OUTPUT[26]  ; 5.859 ; 5.859 ; 5.859 ; 5.859 ;
; SLL8       ; OUTPUT[27]  ; 5.370 ; 5.370 ; 5.370 ; 5.370 ;
; SLL8       ; OUTPUT[28]  ; 5.994 ; 5.994 ; 5.994 ; 5.994 ;
; SLL8       ; OUTPUT[29]  ; 6.143 ; 6.143 ; 6.143 ; 6.143 ;
; SLL8       ; OUTPUT[30]  ; 6.184 ; 6.184 ; 6.184 ; 6.184 ;
; SLL8       ; OUTPUT[31]  ;       ; 6.054 ; 6.054 ;       ;
; SRA1       ; OUTPUT[0]   ; 5.500 ; 5.500 ; 5.500 ; 5.500 ;
; SRA1       ; OUTPUT[1]   ; 5.504 ; 5.504 ; 5.504 ; 5.504 ;
; SRA1       ; OUTPUT[2]   ; 5.702 ; 5.702 ; 5.702 ; 5.702 ;
; SRA1       ; OUTPUT[3]   ; 5.584 ; 5.584 ; 5.584 ; 5.584 ;
; SRA1       ; OUTPUT[4]   ; 5.694 ; 5.694 ; 5.694 ; 5.694 ;
; SRA1       ; OUTPUT[5]   ; 5.558 ; 5.558 ; 5.558 ; 5.558 ;
; SRA1       ; OUTPUT[6]   ; 5.933 ; 5.933 ; 5.933 ; 5.933 ;
; SRA1       ; OUTPUT[7]   ; 5.648 ; 5.648 ; 5.648 ; 5.648 ;
; SRA1       ; OUTPUT[8]   ; 5.354 ; 5.354 ; 5.354 ; 5.354 ;
; SRA1       ; OUTPUT[9]   ; 5.487 ; 5.487 ; 5.487 ; 5.487 ;
; SRA1       ; OUTPUT[10]  ; 5.374 ; 5.374 ; 5.374 ; 5.374 ;
; SRA1       ; OUTPUT[11]  ; 5.832 ; 5.832 ; 5.832 ; 5.832 ;
; SRA1       ; OUTPUT[12]  ; 5.592 ; 5.592 ; 5.592 ; 5.592 ;
; SRA1       ; OUTPUT[13]  ; 5.560 ; 5.560 ; 5.560 ; 5.560 ;
; SRA1       ; OUTPUT[14]  ; 5.531 ; 5.531 ; 5.531 ; 5.531 ;
; SRA1       ; OUTPUT[15]  ; 5.633 ; 5.633 ; 5.633 ; 5.633 ;
; SRA1       ; OUTPUT[16]  ; 5.771 ; 5.771 ; 5.771 ; 5.771 ;
; SRA1       ; OUTPUT[17]  ; 5.849 ; 5.849 ; 5.849 ; 5.849 ;
; SRA1       ; OUTPUT[18]  ; 5.625 ; 5.625 ; 5.625 ; 5.625 ;
; SRA1       ; OUTPUT[19]  ; 5.364 ; 5.364 ; 5.364 ; 5.364 ;
; SRA1       ; OUTPUT[20]  ; 6.087 ; 6.087 ; 6.087 ; 6.087 ;
; SRA1       ; OUTPUT[21]  ; 6.080 ; 6.080 ; 6.080 ; 6.080 ;
; SRA1       ; OUTPUT[22]  ; 6.108 ; 6.108 ; 6.108 ; 6.108 ;
; SRA1       ; OUTPUT[23]  ; 6.098 ; 6.098 ; 6.098 ; 6.098 ;
; SRA1       ; OUTPUT[24]  ; 5.877 ; 5.877 ; 5.877 ; 5.877 ;
; SRA1       ; OUTPUT[25]  ; 5.577 ; 5.577 ; 5.577 ; 5.577 ;
; SRA1       ; OUTPUT[26]  ; 5.553 ; 5.553 ; 5.553 ; 5.553 ;
; SRA1       ; OUTPUT[27]  ; 5.362 ; 5.362 ; 5.362 ; 5.362 ;
; SRA1       ; OUTPUT[28]  ; 6.111 ; 6.111 ; 6.111 ; 6.111 ;
; SRA1       ; OUTPUT[29]  ; 6.131 ; 6.131 ; 6.131 ; 6.131 ;
; SRA1       ; OUTPUT[30]  ; 6.173 ; 6.173 ; 6.173 ; 6.173 ;
; SRA1       ; OUTPUT[31]  ; 6.040 ;       ;       ; 6.040 ;
+------------+-------------+-------+-------+-------+-------+


+----------------------------------------------------------------------------+
; Multicorner Timing Analysis Summary                                        ;
+------------------+-------+------+----------+---------+---------------------+
; Clock            ; Setup ; Hold ; Recovery ; Removal ; Minimum Pulse Width ;
+------------------+-------+------+----------+---------+---------------------+
; Worst-case Slack ; N/A   ; N/A  ; N/A      ; N/A     ; N/A                 ;
; Design-wide TNS  ; 0.0   ; 0.0  ; 0.0      ; 0.0     ; 0.0                 ;
+------------------+-------+------+----------+---------+---------------------+


+--------------------------------------------------------------+
; Progagation Delay                                            ;
+------------+-------------+--------+--------+--------+--------+
; Input Port ; Output Port ; RR     ; RF     ; FR     ; FF     ;
+------------+-------------+--------+--------+--------+--------+
; INPUT[0]   ; OUTPUT[0]   ; 9.549  ;        ;        ; 9.549  ;
; INPUT[0]   ; OUTPUT[8]   ; 9.685  ;        ;        ; 9.685  ;
; INPUT[1]   ; OUTPUT[0]   ; 10.043 ;        ;        ; 10.043 ;
; INPUT[1]   ; OUTPUT[1]   ; 9.870  ;        ;        ; 9.870  ;
; INPUT[1]   ; OUTPUT[9]   ; 10.430 ;        ;        ; 10.430 ;
; INPUT[2]   ; OUTPUT[1]   ; 9.924  ;        ;        ; 9.924  ;
; INPUT[2]   ; OUTPUT[2]   ; 9.455  ;        ;        ; 9.455  ;
; INPUT[2]   ; OUTPUT[10]  ; 10.022 ;        ;        ; 10.022 ;
; INPUT[3]   ; OUTPUT[2]   ; 9.993  ;        ;        ; 9.993  ;
; INPUT[3]   ; OUTPUT[3]   ; 10.130 ;        ;        ; 10.130 ;
; INPUT[3]   ; OUTPUT[11]  ; 10.987 ;        ;        ; 10.987 ;
; INPUT[4]   ; OUTPUT[3]   ; 10.062 ;        ;        ; 10.062 ;
; INPUT[4]   ; OUTPUT[4]   ; 10.299 ;        ;        ; 10.299 ;
; INPUT[4]   ; OUTPUT[12]  ; 10.729 ;        ;        ; 10.729 ;
; INPUT[5]   ; OUTPUT[4]   ; 9.684  ;        ;        ; 9.684  ;
; INPUT[5]   ; OUTPUT[5]   ; 9.672  ;        ;        ; 9.672  ;
; INPUT[5]   ; OUTPUT[13]  ; 10.061 ;        ;        ; 10.061 ;
; INPUT[6]   ; OUTPUT[5]   ; 9.966  ;        ;        ; 9.966  ;
; INPUT[6]   ; OUTPUT[6]   ; 10.670 ;        ;        ; 10.670 ;
; INPUT[6]   ; OUTPUT[14]  ; 10.591 ;        ;        ; 10.591 ;
; INPUT[7]   ; OUTPUT[6]   ; 10.198 ;        ;        ; 10.198 ;
; INPUT[7]   ; OUTPUT[7]   ; 9.593  ;        ;        ; 9.593  ;
; INPUT[7]   ; OUTPUT[15]  ; 10.196 ;        ;        ; 10.196 ;
; INPUT[8]   ; OUTPUT[7]   ; 9.995  ;        ;        ; 9.995  ;
; INPUT[8]   ; OUTPUT[8]   ; 8.835  ;        ;        ; 8.835  ;
; INPUT[8]   ; OUTPUT[16]  ; 11.009 ;        ;        ; 11.009 ;
; INPUT[9]   ; OUTPUT[8]   ; 9.218  ;        ;        ; 9.218  ;
; INPUT[9]   ; OUTPUT[9]   ; 8.805  ;        ;        ; 8.805  ;
; INPUT[9]   ; OUTPUT[17]  ; 10.603 ;        ;        ; 10.603 ;
; INPUT[10]  ; OUTPUT[9]   ; 10.408 ;        ;        ; 10.408 ;
; INPUT[10]  ; OUTPUT[10]  ; 9.727  ;        ;        ; 9.727  ;
; INPUT[10]  ; OUTPUT[18]  ; 10.406 ;        ;        ; 10.406 ;
; INPUT[11]  ; OUTPUT[10]  ; 10.470 ;        ;        ; 10.470 ;
; INPUT[11]  ; OUTPUT[11]  ; 10.492 ;        ;        ; 10.492 ;
; INPUT[11]  ; OUTPUT[19]  ; 9.869  ;        ;        ; 9.869  ;
; INPUT[12]  ; OUTPUT[11]  ; 10.494 ;        ;        ; 10.494 ;
; INPUT[12]  ; OUTPUT[12]  ; 9.324  ;        ;        ; 9.324  ;
; INPUT[12]  ; OUTPUT[20]  ; 11.122 ;        ;        ; 11.122 ;
; INPUT[13]  ; OUTPUT[12]  ; 10.393 ;        ;        ; 10.393 ;
; INPUT[13]  ; OUTPUT[13]  ; 9.706  ;        ;        ; 9.706  ;
; INPUT[13]  ; OUTPUT[21]  ; 10.641 ;        ;        ; 10.641 ;
; INPUT[14]  ; OUTPUT[13]  ; 10.719 ;        ;        ; 10.719 ;
; INPUT[14]  ; OUTPUT[14]  ; 10.060 ;        ;        ; 10.060 ;
; INPUT[14]  ; OUTPUT[22]  ; 10.798 ;        ;        ; 10.798 ;
; INPUT[15]  ; OUTPUT[14]  ; 10.017 ;        ;        ; 10.017 ;
; INPUT[15]  ; OUTPUT[15]  ; 9.873  ;        ;        ; 9.873  ;
; INPUT[15]  ; OUTPUT[23]  ; 10.769 ;        ;        ; 10.769 ;
; INPUT[16]  ; OUTPUT[15]  ; 10.293 ;        ;        ; 10.293 ;
; INPUT[16]  ; OUTPUT[16]  ; 10.107 ;        ;        ; 10.107 ;
; INPUT[16]  ; OUTPUT[24]  ; 10.849 ;        ;        ; 10.849 ;
; INPUT[17]  ; OUTPUT[16]  ; 10.834 ;        ;        ; 10.834 ;
; INPUT[17]  ; OUTPUT[17]  ; 9.974  ;        ;        ; 9.974  ;
; INPUT[17]  ; OUTPUT[25]  ; 9.985  ;        ;        ; 9.985  ;
; INPUT[18]  ; OUTPUT[17]  ; 11.574 ;        ;        ; 11.574 ;
; INPUT[18]  ; OUTPUT[18]  ; 10.087 ;        ;        ; 10.087 ;
; INPUT[18]  ; OUTPUT[26]  ; 11.225 ;        ;        ; 11.225 ;
; INPUT[19]  ; OUTPUT[18]  ; 10.151 ;        ;        ; 10.151 ;
; INPUT[19]  ; OUTPUT[19]  ; 9.193  ;        ;        ; 9.193  ;
; INPUT[19]  ; OUTPUT[27]  ; 9.272  ;        ;        ; 9.272  ;
; INPUT[20]  ; OUTPUT[19]  ; 9.399  ;        ;        ; 9.399  ;
; INPUT[20]  ; OUTPUT[20]  ; 10.425 ;        ;        ; 10.425 ;
; INPUT[20]  ; OUTPUT[28]  ; 11.051 ;        ;        ; 11.051 ;
; INPUT[21]  ; OUTPUT[20]  ; 10.845 ;        ;        ; 10.845 ;
; INPUT[21]  ; OUTPUT[21]  ; 10.309 ;        ;        ; 10.309 ;
; INPUT[21]  ; OUTPUT[29]  ; 10.675 ;        ;        ; 10.675 ;
; INPUT[22]  ; OUTPUT[21]  ; 10.878 ;        ;        ; 10.878 ;
; INPUT[22]  ; OUTPUT[22]  ; 10.081 ;        ;        ; 10.081 ;
; INPUT[22]  ; OUTPUT[30]  ; 10.960 ;        ;        ; 10.960 ;
; INPUT[23]  ; OUTPUT[22]  ; 10.262 ;        ;        ; 10.262 ;
; INPUT[23]  ; OUTPUT[23]  ; 9.744  ;        ;        ; 9.744  ;
; INPUT[23]  ; OUTPUT[31]  ; 9.577  ;        ;        ; 9.577  ;
; INPUT[24]  ; OUTPUT[23]  ; 11.424 ;        ;        ; 11.424 ;
; INPUT[24]  ; OUTPUT[24]  ; 10.208 ;        ;        ; 10.208 ;
; INPUT[25]  ; OUTPUT[24]  ; 10.919 ;        ;        ; 10.919 ;
; INPUT[25]  ; OUTPUT[25]  ; 9.775  ;        ;        ; 9.775  ;
; INPUT[26]  ; OUTPUT[25]  ; 9.992  ;        ;        ; 9.992  ;
; INPUT[26]  ; OUTPUT[26]  ; 9.360  ;        ;        ; 9.360  ;
; INPUT[27]  ; OUTPUT[26]  ; 10.581 ;        ;        ; 10.581 ;
; INPUT[27]  ; OUTPUT[27]  ; 9.150  ;        ;        ; 9.150  ;
; INPUT[28]  ; OUTPUT[27]  ; 10.192 ;        ;        ; 10.192 ;
; INPUT[28]  ; OUTPUT[28]  ; 10.901 ;        ;        ; 10.901 ;
; INPUT[29]  ; OUTPUT[28]  ; 11.427 ;        ;        ; 11.427 ;
; INPUT[29]  ; OUTPUT[29]  ; 10.768 ;        ;        ; 10.768 ;
; INPUT[30]  ; OUTPUT[29]  ; 10.840 ;        ;        ; 10.840 ;
; INPUT[30]  ; OUTPUT[30]  ; 10.545 ;        ;        ; 10.545 ;
; INPUT[31]  ; OUTPUT[30]  ; 10.837 ;        ;        ; 10.837 ;
; INPUT[31]  ; OUTPUT[31]  ; 10.154 ;        ;        ; 10.154 ;
; SLL8       ; OUTPUT[0]   ; 10.387 ; 10.387 ; 10.387 ; 10.387 ;
; SLL8       ; OUTPUT[1]   ; 10.390 ; 10.390 ; 10.390 ; 10.390 ;
; SLL8       ; OUTPUT[2]   ; 10.624 ; 10.624 ; 10.624 ; 10.624 ;
; SLL8       ; OUTPUT[3]   ; 10.625 ; 10.625 ; 10.625 ; 10.625 ;
; SLL8       ; OUTPUT[4]   ; 10.865 ; 10.865 ; 10.865 ; 10.865 ;
; SLL8       ; OUTPUT[5]   ; 10.920 ; 10.920 ; 10.920 ; 10.920 ;
; SLL8       ; OUTPUT[6]   ; 11.594 ; 11.594 ; 11.594 ; 11.594 ;
; SLL8       ; OUTPUT[7]   ; 11.016 ; 11.016 ; 11.016 ; 11.016 ;
; SLL8       ; OUTPUT[8]   ; 9.706  ; 10.620 ; 10.620 ; 9.706  ;
; SLL8       ; OUTPUT[9]   ; 9.992  ; 10.684 ; 10.684 ; 9.992  ;
; SLL8       ; OUTPUT[10]  ; 9.966  ; 10.680 ; 10.680 ; 9.966  ;
; SLL8       ; OUTPUT[11]  ; 11.155 ; 11.336 ; 11.336 ; 11.155 ;
; SLL8       ; OUTPUT[12]  ; 10.646 ; 11.013 ; 11.013 ; 10.646 ;
; SLL8       ; OUTPUT[13]  ; 10.386 ; 11.252 ; 11.252 ; 10.386 ;
; SLL8       ; OUTPUT[14]  ; 10.728 ; 11.126 ; 11.126 ; 10.728 ;
; SLL8       ; OUTPUT[15]  ; 11.116 ; 11.579 ; 11.579 ; 11.116 ;
; SLL8       ; OUTPUT[16]  ; 11.419 ; 12.077 ; 12.077 ; 11.419 ;
; SLL8       ; OUTPUT[17]  ; 11.406 ; 11.782 ; 11.782 ; 11.406 ;
; SLL8       ; OUTPUT[18]  ; 10.301 ; 10.697 ; 10.697 ; 10.301 ;
; SLL8       ; OUTPUT[19]  ; 9.699  ; 10.190 ; 10.190 ; 9.699  ;
; SLL8       ; OUTPUT[20]  ; 11.163 ; 11.527 ; 11.527 ; 11.163 ;
; SLL8       ; OUTPUT[21]  ; 11.154 ; 11.225 ; 11.225 ; 11.154 ;
; SLL8       ; OUTPUT[22]  ; 10.620 ; 11.579 ; 11.579 ; 10.620 ;
; SLL8       ; OUTPUT[23]  ; 11.088 ; 11.737 ; 11.737 ; 11.088 ;
; SLL8       ; OUTPUT[24]  ; 11.343 ; 12.135 ; 12.135 ; 11.343 ;
; SLL8       ; OUTPUT[25]  ; 11.020 ; 11.391 ; 11.391 ; 11.020 ;
; SLL8       ; OUTPUT[26]  ; 10.650 ; 11.432 ; 11.432 ; 10.650 ;
; SLL8       ; OUTPUT[27]  ; 9.695  ; 10.086 ; 10.086 ; 9.695  ;
; SLL8       ; OUTPUT[28]  ; 10.794 ; 11.745 ; 11.745 ; 10.794 ;
; SLL8       ; OUTPUT[29]  ; 11.124 ; 11.212 ; 11.212 ; 11.124 ;
; SLL8       ; OUTPUT[30]  ; 11.221 ; 11.301 ; 11.301 ; 11.221 ;
; SLL8       ; OUTPUT[31]  ;        ; 10.933 ; 10.933 ;        ;
; SRA1       ; OUTPUT[0]   ; 9.948  ; 9.948  ; 9.948  ; 9.948  ;
; SRA1       ; OUTPUT[1]   ; 9.952  ; 9.952  ; 9.952  ; 9.952  ;
; SRA1       ; OUTPUT[2]   ; 10.254 ; 10.254 ; 10.254 ; 10.254 ;
; SRA1       ; OUTPUT[3]   ; 9.984  ; 9.984  ; 9.984  ; 9.984  ;
; SRA1       ; OUTPUT[4]   ; 10.220 ; 10.220 ; 10.220 ; 10.220 ;
; SRA1       ; OUTPUT[5]   ; 10.086 ; 10.086 ; 10.086 ; 10.086 ;
; SRA1       ; OUTPUT[6]   ; 10.783 ; 10.783 ; 10.783 ; 10.783 ;
; SRA1       ; OUTPUT[7]   ; 10.182 ; 10.182 ; 10.182 ; 10.182 ;
; SRA1       ; OUTPUT[8]   ; 10.354 ; 9.654  ; 9.654  ; 10.354 ;
; SRA1       ; OUTPUT[9]   ; 10.371 ; 9.950  ; 9.950  ; 10.371 ;
; SRA1       ; OUTPUT[10]  ; 10.628 ; 9.659  ; 9.659  ; 10.628 ;
; SRA1       ; OUTPUT[11]  ; 11.265 ; 10.502 ; 10.502 ; 11.265 ;
; SRA1       ; OUTPUT[12]  ; 10.929 ; 9.996  ; 9.996  ; 10.929 ;
; SRA1       ; OUTPUT[13]  ; 10.641 ; 9.959  ; 9.959  ; 10.641 ;
; SRA1       ; OUTPUT[14]  ; 10.427 ; 10.039 ; 10.039 ; 10.427 ;
; SRA1       ; OUTPUT[15]  ; 10.787 ; 10.293 ; 10.293 ; 10.787 ;
; SRA1       ; OUTPUT[16]  ; 10.846 ; 10.427 ; 10.427 ; 10.846 ;
; SRA1       ; OUTPUT[17]  ; 11.748 ; 10.596 ; 10.596 ; 11.748 ;
; SRA1       ; OUTPUT[18]  ; 10.371 ; 10.252 ; 10.252 ; 10.371 ;
; SRA1       ; OUTPUT[19]  ; 9.778  ; 9.665  ; 9.665  ; 9.778  ;
; SRA1       ; OUTPUT[20]  ; 11.870 ; 11.055 ; 11.055 ; 11.870 ;
; SRA1       ; OUTPUT[21]  ; 11.428 ; 11.042 ; 11.042 ; 11.428 ;
; SRA1       ; OUTPUT[22]  ; 11.515 ; 10.964 ; 10.964 ; 11.515 ;
; SRA1       ; OUTPUT[23]  ; 11.668 ; 10.986 ; 10.986 ; 11.668 ;
; SRA1       ; OUTPUT[24]  ; 11.168 ; 10.673 ; 10.673 ; 11.168 ;
; SRA1       ; OUTPUT[25]  ; 10.599 ; 10.025 ; 10.025 ; 10.599 ;
; SRA1       ; OUTPUT[26]  ; 11.399 ; 9.967  ; 9.967  ; 11.399 ;
; SRA1       ; OUTPUT[27]  ; 10.052 ; 9.660  ; 9.660  ; 10.052 ;
; SRA1       ; OUTPUT[28]  ; 11.677 ; 10.997 ; 10.997 ; 11.677 ;
; SRA1       ; OUTPUT[29]  ; 11.411 ; 11.012 ; 11.012 ; 11.411 ;
; SRA1       ; OUTPUT[30]  ; 11.504 ; 11.114 ; 11.114 ; 11.504 ;
; SRA1       ; OUTPUT[31]  ; 10.830 ;        ;        ; 10.830 ;
+------------+-------------+--------+--------+--------+--------+


+----------------------------------------------------------+
; Minimum Progagation Delay                                ;
+------------+-------------+-------+-------+-------+-------+
; Input Port ; Output Port ; RR    ; RF    ; FR    ; FF    ;
+------------+-------------+-------+-------+-------+-------+
; INPUT[0]   ; OUTPUT[0]   ; 5.301 ;       ;       ; 5.301 ;
; INPUT[0]   ; OUTPUT[8]   ; 5.332 ;       ;       ; 5.332 ;
; INPUT[1]   ; OUTPUT[0]   ; 5.535 ;       ;       ; 5.535 ;
; INPUT[1]   ; OUTPUT[1]   ; 5.458 ;       ;       ; 5.458 ;
; INPUT[1]   ; OUTPUT[9]   ; 5.691 ;       ;       ; 5.691 ;
; INPUT[2]   ; OUTPUT[1]   ; 5.472 ;       ;       ; 5.472 ;
; INPUT[2]   ; OUTPUT[2]   ; 5.325 ;       ;       ; 5.325 ;
; INPUT[2]   ; OUTPUT[10]  ; 5.501 ;       ;       ; 5.501 ;
; INPUT[3]   ; OUTPUT[2]   ; 5.549 ;       ;       ; 5.549 ;
; INPUT[3]   ; OUTPUT[3]   ; 5.618 ;       ;       ; 5.618 ;
; INPUT[3]   ; OUTPUT[11]  ; 5.999 ;       ;       ; 5.999 ;
; INPUT[4]   ; OUTPUT[3]   ; 5.593 ;       ;       ; 5.593 ;
; INPUT[4]   ; OUTPUT[4]   ; 5.705 ;       ;       ; 5.705 ;
; INPUT[4]   ; OUTPUT[12]  ; 5.879 ;       ;       ; 5.879 ;
; INPUT[5]   ; OUTPUT[4]   ; 5.390 ;       ;       ; 5.390 ;
; INPUT[5]   ; OUTPUT[5]   ; 5.330 ;       ;       ; 5.330 ;
; INPUT[5]   ; OUTPUT[13]  ; 5.533 ;       ;       ; 5.533 ;
; INPUT[6]   ; OUTPUT[5]   ; 5.524 ;       ;       ; 5.524 ;
; INPUT[6]   ; OUTPUT[6]   ; 5.903 ;       ;       ; 5.903 ;
; INPUT[6]   ; OUTPUT[14]  ; 5.783 ;       ;       ; 5.783 ;
; INPUT[7]   ; OUTPUT[6]   ; 5.644 ;       ;       ; 5.644 ;
; INPUT[7]   ; OUTPUT[7]   ; 5.359 ;       ;       ; 5.359 ;
; INPUT[7]   ; OUTPUT[15]  ; 5.554 ;       ;       ; 5.554 ;
; INPUT[8]   ; OUTPUT[7]   ; 5.574 ;       ;       ; 5.574 ;
; INPUT[8]   ; OUTPUT[8]   ; 4.974 ;       ;       ; 4.974 ;
; INPUT[8]   ; OUTPUT[16]  ; 6.014 ;       ;       ; 6.014 ;
; INPUT[9]   ; OUTPUT[8]   ; 5.131 ;       ;       ; 5.131 ;
; INPUT[9]   ; OUTPUT[9]   ; 4.965 ;       ;       ; 4.965 ;
; INPUT[9]   ; OUTPUT[17]  ; 5.840 ;       ;       ; 5.840 ;
; INPUT[10]  ; OUTPUT[9]   ; 5.647 ;       ;       ; 5.647 ;
; INPUT[10]  ; OUTPUT[10]  ; 5.360 ;       ;       ; 5.360 ;
; INPUT[10]  ; OUTPUT[18]  ; 5.656 ;       ;       ; 5.656 ;
; INPUT[11]  ; OUTPUT[10]  ; 5.676 ;       ;       ; 5.676 ;
; INPUT[11]  ; OUTPUT[11]  ; 5.771 ;       ;       ; 5.771 ;
; INPUT[11]  ; OUTPUT[19]  ; 5.418 ;       ;       ; 5.418 ;
; INPUT[12]  ; OUTPUT[11]  ; 5.751 ;       ;       ; 5.751 ;
; INPUT[12]  ; OUTPUT[12]  ; 5.215 ;       ;       ; 5.215 ;
; INPUT[12]  ; OUTPUT[20]  ; 5.997 ;       ;       ; 5.997 ;
; INPUT[13]  ; OUTPUT[12]  ; 5.689 ;       ;       ; 5.689 ;
; INPUT[13]  ; OUTPUT[13]  ; 5.378 ;       ;       ; 5.378 ;
; INPUT[13]  ; OUTPUT[21]  ; 5.825 ;       ;       ; 5.825 ;
; INPUT[14]  ; OUTPUT[13]  ; 5.822 ;       ;       ; 5.822 ;
; INPUT[14]  ; OUTPUT[14]  ; 5.518 ;       ;       ; 5.518 ;
; INPUT[14]  ; OUTPUT[22]  ; 5.898 ;       ;       ; 5.898 ;
; INPUT[15]  ; OUTPUT[14]  ; 5.528 ;       ;       ; 5.528 ;
; INPUT[15]  ; OUTPUT[15]  ; 5.466 ;       ;       ; 5.466 ;
; INPUT[15]  ; OUTPUT[23]  ; 5.917 ;       ;       ; 5.917 ;
; INPUT[16]  ; OUTPUT[15]  ; 5.632 ;       ;       ; 5.632 ;
; INPUT[16]  ; OUTPUT[16]  ; 5.637 ;       ;       ; 5.637 ;
; INPUT[16]  ; OUTPUT[24]  ; 5.946 ;       ;       ; 5.946 ;
; INPUT[17]  ; OUTPUT[16]  ; 5.903 ;       ;       ; 5.903 ;
; INPUT[17]  ; OUTPUT[17]  ; 5.529 ;       ;       ; 5.529 ;
; INPUT[17]  ; OUTPUT[25]  ; 5.508 ;       ;       ; 5.508 ;
; INPUT[18]  ; OUTPUT[17]  ; 6.241 ;       ;       ; 6.241 ;
; INPUT[18]  ; OUTPUT[18]  ; 5.511 ;       ;       ; 5.511 ;
; INPUT[18]  ; OUTPUT[26]  ; 6.065 ;       ;       ; 6.065 ;
; INPUT[19]  ; OUTPUT[18]  ; 5.573 ;       ;       ; 5.573 ;
; INPUT[19]  ; OUTPUT[19]  ; 5.141 ;       ;       ; 5.141 ;
; INPUT[19]  ; OUTPUT[27]  ; 5.171 ;       ;       ; 5.171 ;
; INPUT[20]  ; OUTPUT[19]  ; 5.218 ;       ;       ; 5.218 ;
; INPUT[20]  ; OUTPUT[20]  ; 5.792 ;       ;       ; 5.792 ;
; INPUT[20]  ; OUTPUT[28]  ; 6.116 ;       ;       ; 6.116 ;
; INPUT[21]  ; OUTPUT[20]  ; 5.910 ;       ;       ; 5.910 ;
; INPUT[21]  ; OUTPUT[21]  ; 5.683 ;       ;       ; 5.683 ;
; INPUT[21]  ; OUTPUT[29]  ; 5.907 ;       ;       ; 5.907 ;
; INPUT[22]  ; OUTPUT[21]  ; 5.888 ;       ;       ; 5.888 ;
; INPUT[22]  ; OUTPUT[22]  ; 5.595 ;       ;       ; 5.595 ;
; INPUT[22]  ; OUTPUT[30]  ; 5.990 ;       ;       ; 5.990 ;
; INPUT[23]  ; OUTPUT[22]  ; 5.641 ;       ;       ; 5.641 ;
; INPUT[23]  ; OUTPUT[23]  ; 5.426 ;       ;       ; 5.426 ;
; INPUT[23]  ; OUTPUT[31]  ; 5.362 ;       ;       ; 5.362 ;
; INPUT[24]  ; OUTPUT[23]  ; 6.208 ;       ;       ; 6.208 ;
; INPUT[24]  ; OUTPUT[24]  ; 5.649 ;       ;       ; 5.649 ;
; INPUT[25]  ; OUTPUT[24]  ; 5.938 ;       ;       ; 5.938 ;
; INPUT[25]  ; OUTPUT[25]  ; 5.431 ;       ;       ; 5.431 ;
; INPUT[26]  ; OUTPUT[25]  ; 5.539 ;       ;       ; 5.539 ;
; INPUT[26]  ; OUTPUT[26]  ; 5.268 ;       ;       ; 5.268 ;
; INPUT[27]  ; OUTPUT[26]  ; 5.801 ;       ;       ; 5.801 ;
; INPUT[27]  ; OUTPUT[27]  ; 5.106 ;       ;       ; 5.106 ;
; INPUT[28]  ; OUTPUT[27]  ; 5.566 ;       ;       ; 5.566 ;
; INPUT[28]  ; OUTPUT[28]  ; 6.007 ;       ;       ; 6.007 ;
; INPUT[29]  ; OUTPUT[28]  ; 6.260 ;       ;       ; 6.260 ;
; INPUT[29]  ; OUTPUT[29]  ; 5.980 ;       ;       ; 5.980 ;
; INPUT[30]  ; OUTPUT[29]  ; 5.944 ;       ;       ; 5.944 ;
; INPUT[30]  ; OUTPUT[30]  ; 5.825 ;       ;       ; 5.825 ;
; INPUT[31]  ; OUTPUT[30]  ; 5.974 ;       ;       ; 5.974 ;
; INPUT[31]  ; OUTPUT[31]  ; 5.674 ;       ;       ; 5.674 ;
; SLL8       ; OUTPUT[0]   ; 5.714 ; 5.714 ; 5.714 ; 5.714 ;
; SLL8       ; OUTPUT[1]   ; 5.716 ; 5.716 ; 5.716 ; 5.716 ;
; SLL8       ; OUTPUT[2]   ; 5.839 ; 5.839 ; 5.839 ; 5.839 ;
; SLL8       ; OUTPUT[3]   ; 5.840 ; 5.840 ; 5.840 ; 5.840 ;
; SLL8       ; OUTPUT[4]   ; 5.953 ; 5.953 ; 5.953 ; 5.953 ;
; SLL8       ; OUTPUT[5]   ; 5.942 ; 5.942 ; 5.942 ; 5.942 ;
; SLL8       ; OUTPUT[6]   ; 6.317 ; 6.317 ; 6.317 ; 6.317 ;
; SLL8       ; OUTPUT[7]   ; 6.032 ; 6.032 ; 6.032 ; 6.032 ;
; SLL8       ; OUTPUT[8]   ; 5.378 ; 5.378 ; 5.378 ; 5.378 ;
; SLL8       ; OUTPUT[9]   ; 5.500 ; 5.500 ; 5.500 ; 5.500 ;
; SLL8       ; OUTPUT[10]  ; 5.495 ; 5.495 ; 5.495 ; 5.495 ;
; SLL8       ; OUTPUT[11]  ; 6.078 ; 6.078 ; 6.078 ; 6.078 ;
; SLL8       ; OUTPUT[12]  ; 5.836 ; 5.836 ; 5.836 ; 5.836 ;
; SLL8       ; OUTPUT[13]  ; 5.702 ; 5.702 ; 5.702 ; 5.702 ;
; SLL8       ; OUTPUT[14]  ; 5.841 ; 5.841 ; 5.841 ; 5.841 ;
; SLL8       ; OUTPUT[15]  ; 6.008 ; 6.008 ; 6.008 ; 6.008 ;
; SLL8       ; OUTPUT[16]  ; 6.222 ; 6.222 ; 6.222 ; 6.222 ;
; SLL8       ; OUTPUT[17]  ; 6.215 ; 6.215 ; 6.215 ; 6.215 ;
; SLL8       ; OUTPUT[18]  ; 5.649 ; 5.649 ; 5.649 ; 5.649 ;
; SLL8       ; OUTPUT[19]  ; 5.372 ; 5.372 ; 5.372 ; 5.372 ;
; SLL8       ; OUTPUT[20]  ; 6.100 ; 6.100 ; 6.100 ; 6.100 ;
; SLL8       ; OUTPUT[21]  ; 6.090 ; 6.090 ; 6.090 ; 6.090 ;
; SLL8       ; OUTPUT[22]  ; 5.921 ; 5.921 ; 5.921 ; 5.921 ;
; SLL8       ; OUTPUT[23]  ; 6.109 ; 6.109 ; 6.109 ; 6.109 ;
; SLL8       ; OUTPUT[24]  ; 6.174 ; 6.174 ; 6.174 ; 6.174 ;
; SLL8       ; OUTPUT[25]  ; 6.028 ; 6.028 ; 6.028 ; 6.028 ;
; SLL8       ; OUTPUT[26]  ; 5.859 ; 5.859 ; 5.859 ; 5.859 ;
; SLL8       ; OUTPUT[27]  ; 5.370 ; 5.370 ; 5.370 ; 5.370 ;
; SLL8       ; OUTPUT[28]  ; 5.994 ; 5.994 ; 5.994 ; 5.994 ;
; SLL8       ; OUTPUT[29]  ; 6.143 ; 6.143 ; 6.143 ; 6.143 ;
; SLL8       ; OUTPUT[30]  ; 6.184 ; 6.184 ; 6.184 ; 6.184 ;
; SLL8       ; OUTPUT[31]  ;       ; 6.054 ; 6.054 ;       ;
; SRA1       ; OUTPUT[0]   ; 5.500 ; 5.500 ; 5.500 ; 5.500 ;
; SRA1       ; OUTPUT[1]   ; 5.504 ; 5.504 ; 5.504 ; 5.504 ;
; SRA1       ; OUTPUT[2]   ; 5.702 ; 5.702 ; 5.702 ; 5.702 ;
; SRA1       ; OUTPUT[3]   ; 5.584 ; 5.584 ; 5.584 ; 5.584 ;
; SRA1       ; OUTPUT[4]   ; 5.694 ; 5.694 ; 5.694 ; 5.694 ;
; SRA1       ; OUTPUT[5]   ; 5.558 ; 5.558 ; 5.558 ; 5.558 ;
; SRA1       ; OUTPUT[6]   ; 5.933 ; 5.933 ; 5.933 ; 5.933 ;
; SRA1       ; OUTPUT[7]   ; 5.648 ; 5.648 ; 5.648 ; 5.648 ;
; SRA1       ; OUTPUT[8]   ; 5.354 ; 5.354 ; 5.354 ; 5.354 ;
; SRA1       ; OUTPUT[9]   ; 5.487 ; 5.487 ; 5.487 ; 5.487 ;
; SRA1       ; OUTPUT[10]  ; 5.374 ; 5.374 ; 5.374 ; 5.374 ;
; SRA1       ; OUTPUT[11]  ; 5.832 ; 5.832 ; 5.832 ; 5.832 ;
; SRA1       ; OUTPUT[12]  ; 5.592 ; 5.592 ; 5.592 ; 5.592 ;
; SRA1       ; OUTPUT[13]  ; 5.560 ; 5.560 ; 5.560 ; 5.560 ;
; SRA1       ; OUTPUT[14]  ; 5.531 ; 5.531 ; 5.531 ; 5.531 ;
; SRA1       ; OUTPUT[15]  ; 5.633 ; 5.633 ; 5.633 ; 5.633 ;
; SRA1       ; OUTPUT[16]  ; 5.771 ; 5.771 ; 5.771 ; 5.771 ;
; SRA1       ; OUTPUT[17]  ; 5.849 ; 5.849 ; 5.849 ; 5.849 ;
; SRA1       ; OUTPUT[18]  ; 5.625 ; 5.625 ; 5.625 ; 5.625 ;
; SRA1       ; OUTPUT[19]  ; 5.364 ; 5.364 ; 5.364 ; 5.364 ;
; SRA1       ; OUTPUT[20]  ; 6.087 ; 6.087 ; 6.087 ; 6.087 ;
; SRA1       ; OUTPUT[21]  ; 6.080 ; 6.080 ; 6.080 ; 6.080 ;
; SRA1       ; OUTPUT[22]  ; 6.108 ; 6.108 ; 6.108 ; 6.108 ;
; SRA1       ; OUTPUT[23]  ; 6.098 ; 6.098 ; 6.098 ; 6.098 ;
; SRA1       ; OUTPUT[24]  ; 5.877 ; 5.877 ; 5.877 ; 5.877 ;
; SRA1       ; OUTPUT[25]  ; 5.577 ; 5.577 ; 5.577 ; 5.577 ;
; SRA1       ; OUTPUT[26]  ; 5.553 ; 5.553 ; 5.553 ; 5.553 ;
; SRA1       ; OUTPUT[27]  ; 5.362 ; 5.362 ; 5.362 ; 5.362 ;
; SRA1       ; OUTPUT[28]  ; 6.111 ; 6.111 ; 6.111 ; 6.111 ;
; SRA1       ; OUTPUT[29]  ; 6.131 ; 6.131 ; 6.131 ; 6.131 ;
; SRA1       ; OUTPUT[30]  ; 6.173 ; 6.173 ; 6.173 ; 6.173 ;
; SRA1       ; OUTPUT[31]  ; 6.040 ;       ;       ; 6.040 ;
+------------+-------------+-------+-------+-------+-------+


-------------------
; Clock Transfers ;
-------------------
Nothing to report.


---------------
; Report TCCS ;
---------------
No dedicated SERDES Transmitter circuitry present in device or used in design


---------------
; Report RSKM ;
---------------
No dedicated SERDES Receiver circuitry present in device or used in design


+------------------------------------------------+
; Unconstrained Paths                            ;
+---------------------------------+-------+------+
; Property                        ; Setup ; Hold ;
+---------------------------------+-------+------+
; Illegal Clocks                  ; 0     ; 0    ;
; Unconstrained Clocks            ; 0     ; 0    ;
; Unconstrained Input Ports       ; 34    ; 34   ;
; Unconstrained Input Port Paths  ; 151   ; 151  ;
; Unconstrained Output Ports      ; 32    ; 32   ;
; Unconstrained Output Port Paths ; 151   ; 151  ;
+---------------------------------+-------+------+


+------------------------------------+
; TimeQuest Timing Analyzer Messages ;
+------------------------------------+
Info: *******************************************************************
Info: Running Quartus II 64-Bit TimeQuest Timing Analyzer
    Info: Version 13.0.1 Build 232 06/12/2013 Service Pack 1 SJ Web Edition
    Info: Processing started: Tue Jun 24 23:09:51 2025
Info: Command: quartus_sta MIC1 -c MIC1
Info: qsta_default_script.tcl version: #1
Warning (20028): Parallel compilation is not licensed and has been disabled
Critical Warning (332012): Synopsys Design Constraints File file not found: 'MIC1.sdc'. A Synopsys Design Constraints File is required by the TimeQuest Timing Analyzer to get proper timing constraints. Without it, the Compiler will not properly optimize the design.
Info (332142): No user constrained base clocks found in the design. Calling "derive_clocks -period 1.0"
Info (332096): The command derive_clocks did not find any clocks to derive.  No clocks were created or changed.
Warning (332068): No clocks defined in design.
Info: Found TIMEQUEST_REPORT_SCRIPT_INCLUDE_DEFAULT_ANALYSIS = ON
Info (332159): No clocks to report
Info: Analyzing Slow Model
Info (332140): No fmax paths to report
Info (332140): No Setup paths to report
Info (332140): No Hold paths to report
Info (332140): No Recovery paths to report
Info (332140): No Removal paths to report
Info (332140): No Minimum Pulse Width paths to report
Info (332001): The selected device family is not supported by the report_metastability command.
Info: Analyzing Fast Model
Info (332142): No user constrained base clocks found in the design. Calling "derive_clocks -period 1.0"
Info (332096): The command derive_clocks did not find any clocks to derive.  No clocks were created or changed.
Warning (332068): No clocks defined in design.
Info (332140): No Setup paths to report
Info (332140): No Hold paths to report
Info (332140): No Recovery paths to report
Info (332140): No Removal paths to report
Info (332140): No Minimum Pulse Width paths to report
Info (332001): The selected device family is not supported by the report_metastability command.
Info (332102): Design is not fully constrained for setup requirements
Info (332102): Design is not fully constrained for hold requirements
Info: Quartus II 64-Bit TimeQuest Timing Analyzer was successful. 0 errors, 4 warnings
    Info: Peak virtual memory: 4530 megabytes
    Info: Processing ended: Tue Jun 24 23:09:52 2025
    Info: Elapsed time: 00:00:01
    Info: Total CPU time (on all processors): 00:00:01


